Archive member included to satisfy reference by file (symbol)

c:/ac6/systemworkbench/plugins/fr.ac6.mcu.externaltools.arm-none.win32_1.17.0.201812190825/tools/compiler/bin/../lib/gcc/arm-none-eabi/7.3.1/thumb/v7e-m/fpv4-sp/hard\libgcc.a(_arm_addsubdf3.o)
                              Src/main.o (__aeabi_ui2d)
c:/ac6/systemworkbench/plugins/fr.ac6.mcu.externaltools.arm-none.win32_1.17.0.201812190825/tools/compiler/bin/../lib/gcc/arm-none-eabi/7.3.1/thumb/v7e-m/fpv4-sp/hard\libgcc.a(_arm_muldivdf3.o)
                              Src/main.o (__aeabi_dmul)
c:/ac6/systemworkbench/plugins/fr.ac6.mcu.externaltools.arm-none.win32_1.17.0.201812190825/tools/compiler/bin/../lib/gcc/arm-none-eabi/7.3.1/thumb/v7e-m/fpv4-sp/hard\libgcc.a(_arm_fixunsdfsi.o)
                              Src/main.o (__aeabi_d2uiz)
c:/ac6/systemworkbench/plugins/fr.ac6.mcu.externaltools.arm-none.win32_1.17.0.201812190825/tools/compiler/bin/../lib/gcc/arm-none-eabi/7.3.1/thumb/v7e-m/fpv4-sp/hard\libgcc.a(_aeabi_uldivmod.o)
                              Drivers/STM32L4xx_HAL_Driver/Src/stm32l4xx_hal_uart.o (__aeabi_uldivmod)
c:/ac6/systemworkbench/plugins/fr.ac6.mcu.externaltools.arm-none.win32_1.17.0.201812190825/tools/compiler/bin/../lib/gcc/arm-none-eabi/7.3.1/thumb/v7e-m/fpv4-sp/hard\libgcc.a(_udivmoddi4.o)
                              c:/ac6/systemworkbench/plugins/fr.ac6.mcu.externaltools.arm-none.win32_1.17.0.201812190825/tools/compiler/bin/../lib/gcc/arm-none-eabi/7.3.1/thumb/v7e-m/fpv4-sp/hard\libgcc.a(_aeabi_uldivmod.o) (__udivmoddi4)
c:/ac6/systemworkbench/plugins/fr.ac6.mcu.externaltools.arm-none.win32_1.17.0.201812190825/tools/compiler/bin/../lib/gcc/arm-none-eabi/7.3.1/thumb/v7e-m/fpv4-sp/hard\libgcc.a(_dvmd_tls.o)
                              c:/ac6/systemworkbench/plugins/fr.ac6.mcu.externaltools.arm-none.win32_1.17.0.201812190825/tools/compiler/bin/../lib/gcc/arm-none-eabi/7.3.1/thumb/v7e-m/fpv4-sp/hard\libgcc.a(_aeabi_uldivmod.o) (__aeabi_ldiv0)
c:/ac6/systemworkbench/plugins/fr.ac6.mcu.externaltools.arm-none.win32_1.17.0.201812190825/tools/compiler/bin/../lib/gcc/arm-none-eabi/7.3.1/../../../../arm-none-eabi/lib/thumb/v7e-m/fpv4-sp/hard\libc_nano.a(lib_a-errno.o)
                              Src/syscalls.o (__errno)
c:/ac6/systemworkbench/plugins/fr.ac6.mcu.externaltools.arm-none.win32_1.17.0.201812190825/tools/compiler/bin/../lib/gcc/arm-none-eabi/7.3.1/../../../../arm-none-eabi/lib/thumb/v7e-m/fpv4-sp/hard\libc_nano.a(lib_a-exit.o)
                              c:/ac6/systemworkbench/plugins/fr.ac6.mcu.externaltools.arm-none.win32_1.17.0.201812190825/tools/compiler/bin/../lib/gcc/arm-none-eabi/7.3.1/../../../../arm-none-eabi/lib/thumb/v7e-m/fpv4-sp/hard/crt0.o (exit)
c:/ac6/systemworkbench/plugins/fr.ac6.mcu.externaltools.arm-none.win32_1.17.0.201812190825/tools/compiler/bin/../lib/gcc/arm-none-eabi/7.3.1/../../../../arm-none-eabi/lib/thumb/v7e-m/fpv4-sp/hard\libc_nano.a(lib_a-impure.o)
                              c:/ac6/systemworkbench/plugins/fr.ac6.mcu.externaltools.arm-none.win32_1.17.0.201812190825/tools/compiler/bin/../lib/gcc/arm-none-eabi/7.3.1/../../../../arm-none-eabi/lib/thumb/v7e-m/fpv4-sp/hard\libc_nano.a(lib_a-exit.o) (_global_impure_ptr)
c:/ac6/systemworkbench/plugins/fr.ac6.mcu.externaltools.arm-none.win32_1.17.0.201812190825/tools/compiler/bin/../lib/gcc/arm-none-eabi/7.3.1/../../../../arm-none-eabi/lib/thumb/v7e-m/fpv4-sp/hard\libc_nano.a(lib_a-init.o)
                              c:/ac6/systemworkbench/plugins/fr.ac6.mcu.externaltools.arm-none.win32_1.17.0.201812190825/tools/compiler/bin/../lib/gcc/arm-none-eabi/7.3.1/../../../../arm-none-eabi/lib/thumb/v7e-m/fpv4-sp/hard/crt0.o (__libc_init_array)
c:/ac6/systemworkbench/plugins/fr.ac6.mcu.externaltools.arm-none.win32_1.17.0.201812190825/tools/compiler/bin/../lib/gcc/arm-none-eabi/7.3.1/../../../../arm-none-eabi/lib/thumb/v7e-m/fpv4-sp/hard\libc_nano.a(lib_a-memset.o)
                              c:/ac6/systemworkbench/plugins/fr.ac6.mcu.externaltools.arm-none.win32_1.17.0.201812190825/tools/compiler/bin/../lib/gcc/arm-none-eabi/7.3.1/../../../../arm-none-eabi/lib/thumb/v7e-m/fpv4-sp/hard/crt0.o (memset)
c:/ac6/systemworkbench/plugins/fr.ac6.mcu.externaltools.arm-none.win32_1.17.0.201812190825/tools/compiler/bin/../lib/gcc/arm-none-eabi/7.3.1/../../../../arm-none-eabi/lib/thumb/v7e-m/fpv4-sp/hard\libc_nano.a(lib_a-printf.o)
                              Src/main.o (printf)
c:/ac6/systemworkbench/plugins/fr.ac6.mcu.externaltools.arm-none.win32_1.17.0.201812190825/tools/compiler/bin/../lib/gcc/arm-none-eabi/7.3.1/../../../../arm-none-eabi/lib/thumb/v7e-m/fpv4-sp/hard\libc_nano.a(lib_a-puts.o)
                              Src/main.o (puts)
c:/ac6/systemworkbench/plugins/fr.ac6.mcu.externaltools.arm-none.win32_1.17.0.201812190825/tools/compiler/bin/../lib/gcc/arm-none-eabi/7.3.1/../../../../arm-none-eabi/lib/thumb/v7e-m/fpv4-sp/hard\libc_nano.a(lib_a-wbuf.o)
[...]
Memory Configuration

Name             Origin             Length             Attributes
RAM              0x20000000         0x00018000         xrw
RAM2             0x10000000         0x00008000         xrw
FLASH            0x08000000         0x00100000         xr
*default*        0x00000000         0xffffffff

Linker script and memory map

LOAD c:/ac6/systemworkbench/plugins/fr.ac6.mcu.externaltools.arm-none.win32_1.17.0.201812190825/tools/compiler/bin/../lib/gcc/arm-none-eabi/7.3.1/thumb/v7e-m/fpv4-sp/hard/crti.o
LOAD c:/ac6/systemworkbench/plugins/fr.ac6.mcu.externaltools.arm-none.win32_1.17.0.201812190825/tools/compiler/bin/../lib/gcc/arm-none-eabi/7.3.1/thumb/v7e-m/fpv4-sp/hard/crtbegin.o
LOAD c:/ac6/systemworkbench/plugins/fr.ac6.mcu.externaltools.arm-none.win32_1.17.0.201812190825/tools/compiler/bin/../lib/gcc/arm-none-eabi/7.3.1/../../../../arm-none-eabi/lib/thumb/v7e-m/fpv4-sp/hard/crt0.o
LOAD Drivers/BSP/Components/hts221/hts221.o
LOAD Drivers/BSP/Components/hts221/hts221_reg.o
LOAD Drivers/BSP/Components/lis2dw12/lis2dw12.o
LOAD Drivers/BSP/Components/lis2dw12/lis2dw12_reg.o
LOAD Drivers/BSP/Components/lis2mdl/lis2mdl.o
LOAD Drivers/BSP/Components/lis2mdl/lis2mdl_reg.o
LOAD Drivers/BSP/Components/lis3dhh/lis3dhh.o
LOAD Drivers/BSP/Components/lis3dhh/lis3dhh_reg.o
LOAD Drivers/BSP/Components/lis3mdl/lis3mdl.o
LOAD Drivers/BSP/Components/lis3mdl/lis3mdl_reg.o
LOAD Drivers/BSP/Components/lps22hb/lps22hb.o
LOAD Drivers/BSP/Components/lps22hb/lps22hb_reg.o
LOAD Drivers/BSP/Components/lps22hh/lps22hh.o
LOAD Drivers/BSP/Components/lps22hh/lps22hh_reg.o
LOAD Drivers/BSP/Components/lsm303agr/lsm303agr.o
LOAD Drivers/BSP/Components/lsm303agr/lsm303agr_reg.o
LOAD Drivers/BSP/Components/lsm6dsl/lsm6dsl.o
LOAD Drivers/BSP/Components/lsm6dsl/lsm6dsl_reg.o
LOAD Drivers/BSP/Components/lsm6dsm/lsm6dsm.o
LOAD Drivers/BSP/Components/lsm6dsm/lsm6dsm_reg.o
LOAD Drivers/BSP/Components/lsm6dsox/lsm6dsox.o
LOAD Drivers/BSP/Components/lsm6dsox/lsm6dsox_reg.o
LOAD Drivers/BSP/Components/pcm1774/PCM1774.o
LOAD Drivers/BSP/Components/pcm1774/PCM1774_reg.o
LOAD Drivers/BSP/Components/stc3115/STC3115_Driver.o
LOAD Drivers/BSP/Components/stts751/stts751.o
LOAD Drivers/BSP/Components/stts751/stts751_reg.o
LOAD Drivers/BSP/SensorTile/SensorTile.o
LOAD Drivers/BSP/SensorTile/SensorTile_bus.o
LOAD Drivers/BSP/SensorTile/SensorTile_env_sensors.o
LOAD Drivers/BSP/SensorTile/SensorTile_env_sensors_ex.o
LOAD Drivers/BSP/SensorTile/SensorTile_gg.o
LOAD Drivers/BSP/SensorTile/SensorTile_motion_sensors.o
LOAD Drivers/BSP/SensorTile/SensorTile_motion_sensors_ex.o
LOAD Drivers/BSP/SensorTile/SensorTile_sd.o
LOAD Drivers/STM32L4xx_HAL_Driver/Src/stm32l4xx_hal.o
LOAD Drivers/STM32L4xx_HAL_Driver/Src/stm32l4xx_hal_cortex.o
LOAD Drivers/STM32L4xx_HAL_Driver/Src/stm32l4xx_hal_dma.o
LOAD Drivers/STM32L4xx_HAL_Driver/Src/stm32l4xx_hal_dma_ex.o
LOAD Drivers/STM32L4xx_HAL_Driver/Src/stm32l4xx_hal_exti.o
LOAD Drivers/STM32L4xx_HAL_Driver/Src/stm32l4xx_hal_flash.o
LOAD Drivers/STM32L4xx_HAL_Driver/Src/stm32l4xx_hal_flash_ex.o
LOAD Drivers/STM32L4xx_HAL_Driver/Src/stm32l4xx_hal_flash_ramfunc.o
LOAD Drivers/STM32L4xx_HAL_Driver/Src/stm32l4xx_hal_gpio.o
LOAD Drivers/STM32L4xx_HAL_Driver/Src/stm32l4xx_hal_i2c.o
LOAD Drivers/STM32L4xx_HAL_Driver/Src/stm32l4xx_hal_i2c_ex.o
LOAD Drivers/STM32L4xx_HAL_Driver/Src/stm32l4xx_hal_pwr.o
LOAD Drivers/STM32L4xx_HAL_Driver/Src/stm32l4xx_hal_pwr_ex.o
LOAD Drivers/STM32L4xx_HAL_Driver/Src/stm32l4xx_hal_rcc.o
LOAD Drivers/STM32L4xx_HAL_Driver/Src/stm32l4xx_hal_rcc_ex.o
LOAD Drivers/STM32L4xx_HAL_Driver/Src/stm32l4xx_hal_spi.o
LOAD Drivers/STM32L4xx_HAL_Driver/Src/stm32l4xx_hal_spi_ex.o
LOAD Drivers/STM32L4xx_HAL_Driver/Src/stm32l4xx_hal_tim.o
LOAD Drivers/STM32L4xx_HAL_Driver/Src/stm32l4xx_hal_tim_ex.o
LOAD Drivers/STM32L4xx_HAL_Driver/Src/stm32l4xx_hal_uart.o
LOAD Drivers/STM32L4xx_HAL_Driver/Src/stm32l4xx_hal_uart_ex.o
LOAD Middlewares/Third_Party/FatFs/src/diskio.o
LOAD Middlewares/Third_Party/FatFs/src/ff.o
LOAD Middlewares/Third_Party/FatFs/src/ff_gen_drv.o
LOAD Middlewares/Third_Party/FatFs/src/option/syscall.o
LOAD Src/main.o
LOAD Src/sd_diskio_SensorTile.o
LOAD Src/stm32l4xx_hal_msp.o
LOAD Src/stm32l4xx_it.o
LOAD Src/syscalls.o
LOAD Src/system_stm32l4xx.o
LOAD startup/startup_stm32l476xx.o
LOAD c:/ac6/systemworkbench/plugins/fr.ac6.mcu.externaltools.arm-none.win32_1.17.0.201812190825/tools/compiler/bin/../lib/gcc/arm-none-eabi/7.3.1/../../../../arm-none-eabi/lib/thumb/v7e-m/fpv4-sp/hard\libm.a
START GROUP
LOAD c:/ac6/systemworkbench/plugins/fr.ac6.mcu.externaltools.arm-none.win32_1.17.0.201812190825/tools/compiler/bin/../lib/gcc/arm-none-eabi/7.3.1/thumb/v7e-m/fpv4-sp/hard\libgcc.a
LOAD c:/ac6/systemworkbench/plugins/fr.ac6.mcu.externaltools.arm-none.win32_1.17.0.201812190825/tools/compiler/bin/../lib/gcc/arm-none-eabi/7.3.1/../../../../arm-none-eabi/lib/thumb/v7e-m/fpv4-sp/hard\libc_nano.a
END GROUP
START GROUP
LOAD c:/ac6/systemworkbench/plugins/fr.ac6.mcu.externaltools.arm-none.win32_1.17.0.201812190825/tools/compiler/bin/../lib/gcc/arm-none-eabi/7.3.1/thumb/v7e-m/fpv4-sp/hard\libgcc.a
LOAD c:/ac6/systemworkbench/plugins/fr.ac6.mcu.externaltools.arm-none.win32_1.17.0.201812190825/tools/compiler/bin/../lib/gcc/arm-none-eabi/7.3.1/../../../../arm-none-eabi/lib/thumb/v7e-m/fpv4-sp/hard\libc_nano.a
LOAD c:/ac6/systemworkbench/plugins/fr.ac6.mcu.externaltools.arm-none.win32_1.17.0.201812190825/tools/compiler/bin/../lib/gcc/arm-none-eabi/7.3.1/../../../../arm-none-eabi/lib/thumb/v7e-m/fpv4-sp/hard\libnosys.a
END GROUP
START GROUP
LOAD c:/ac6/systemworkbench/plugins/fr.ac6.mcu.externaltools.arm-none.win32_1.17.0.201812190825/tools/compiler/bin/../lib/gcc/arm-none-eabi/7.3.1/thumb/v7e-m/fpv4-sp/hard\libgcc.a
LOAD c:/ac6/systemworkbench/plugins/fr.ac6.mcu.externaltools.arm-none.win32_1.17.0.201812190825/tools/compiler/bin/../lib/gcc/arm-none-eabi/7.3.1/../../../../arm-none-eabi/lib/thumb/v7e-m/fpv4-sp/hard\libc_nano.a
LOAD c:/ac6/systemworkbench/plugins/fr.ac6.mcu.externaltools.arm-none.win32_1.17.0.201812190825/tools/compiler/bin/../lib/gcc/arm-none-eabi/7.3.1/../../../../arm-none-eabi/lib/thumb/v7e-m/fpv4-sp/hard\libnosys.a
END GROUP
LOAD c:/ac6/systemworkbench/plugins/fr.ac6.mcu.externaltools.arm-none.win32_1.17.0.201812190825/tools/compiler/bin/../lib/gcc/arm-none-eabi/7.3.1/thumb/v7e-m/fpv4-sp/hard/crtend.o
LOAD c:/ac6/systemworkbench/plugins/fr.ac6.mcu.externaltools.arm-none.win32_1.17.0.201812190825/tools/compiler/bin/../lib/gcc/arm-none-eabi/7.3.1/thumb/v7e-m/fpv4-sp/hard/crtn.o
                0x20018000                _estack = 0x20018000
                0x00000200                _Min_Heap_Size = 0x200
                0x00000400                _Min_Stack_Size = 0x400

.isr_vector     0x08000000      0x188
                0x08000000                . = ALIGN (0x8)
 *(.isr_vector)
 .isr_vector    0x08000000      0x188 startup/startup_stm32l476xx.o
                0x08000000                g_pfnVectors
                0x08000188                . = ALIGN (0x8)

.text           0x08000190     0x6870
                0x08000190                . = ALIGN (0x8)
 *(.text)
 .text          0x08000190       0x40 c:/ac6/systemworkbench/plugins/fr.ac6.mcu.externaltools.arm-none.win32_1.17.0.201812190825/tools/compiler/bin/../lib/gcc/arm-none-eabi/7.3.1/thumb/v7e-m/fpv4-sp/hard/crtbegin.o
 .text          0x080001d0      0x378 c:/ac6/systemworkbench/plugins/fr.ac6.mcu.externaltools.arm-none.win32_1.17.0.201812190825/tools/compiler/bin/../lib/gcc/arm-none-eabi/7.3.1/thumb/v7e-m/fpv4-sp/hard\libgcc.a(_arm_addsubdf3.o)
                0x080001d0                __aeabi_drsub
                0x080001d8                __aeabi_dsub
                0x080001d8                __subdf3
                0x080001dc                __aeabi_dadd
                0x080001dc                __adddf3
                0x08000454                __floatunsidf
                0x08000454                __aeabi_ui2d
                0x08000474                __floatsidf
                0x08000474                __aeabi_i2d
                0x08000498                __aeabi_f2d
                0x08000498                __extendsfdf2
                0x080004dc                __floatundidf
                0x080004dc                __aeabi_ul2d
                0x080004ec                __floatdidf
                0x080004ec                __aeabi_l2d
 .text          0x08000548      0x424 c:/ac6/systemworkbench/plugins/fr.ac6.mcu.externaltools.arm-none.win32_1.17.0.201812190825/tools/compiler/bin/../lib/gcc/arm-none-eabi/7.3.1/thumb/v7e-m/fpv4-sp/hard\libgcc.a(_arm_muldivdf3.o)
                0x08000548                __aeabi_dmul
                0x08000548                __muldf3
                0x0800079c                __divdf3
                0x0800079c                __aeabi_ddiv
 .text          0x0800096c       0x40 c:/ac6/systemworkbench/plugins/fr.ac6.mcu.externaltools.arm-none.win32_1.17.0.201812190825/tools/compiler/bin/../lib/gcc/arm-none-eabi/7.3.1/thumb/v7e-m/fpv4-sp/hard\libgcc.a(_arm_fixunsdfsi.o)
                0x0800096c                __aeabi_d2uiz
                0x0800096c                __fixunsdfsi
 .text          0x080009ac       0x30 c:/ac6/systemworkbench/plugins/fr.ac6.mcu.externaltools.arm-none.win32_1.17.0.201812190825/tools/compiler/bin/../lib/gcc/arm-none-eabi/7.3.1/thumb/v7e-m/fpv4-sp/hard\libgcc.a(_aeabi_uldivmod.o)
                0x080009ac                __aeabi_uldivmod
 .text          0x080009dc      0x2cc c:/ac6/systemworkbench/plugins/fr.ac6.mcu.externaltools.arm-none.win32_1.17.0.201812190825/tools/compiler/bin/../lib/gcc/arm-none-eabi/7.3.1/thumb/v7e-m/fpv4-sp/hard\libgcc.a(_udivmoddi4.o)
                0x080009dc                __udivmoddi4
 .text          0x08000ca8        0x4 c:/ac6/systemworkbench/plugins/fr.ac6.mcu.externaltools.arm-none.win32_1.17.0.201812190825/tools/compiler/bin/../lib/gcc/arm-none-eabi/7.3.1/thumb/v7e-m/fpv4-sp/hard\libgcc.a(_dvmd_tls.o)
                0x08000ca8                __aeabi_idiv0
                0x08000ca8                __aeabi_ldiv0
 *fill*         0x08000cac        0x4 
 .text          0x08000cb0       0xa0 c:/ac6/systemworkbench/plugins/fr.ac6.mcu.externaltools.arm-none.win32_1.17.0.201812190825/tools/compiler/bin/../lib/gcc/arm-none-eabi/7.3.1/../../../../arm-none-eabi/lib/thumb/v7e-m/fpv4-sp/hard\libc_nano.a(lib_a-memchr.o)
                0x08000cb0                memchr
 *(.text*)
 .text.SD_IO_SPI_MspInit
                0x08000d50      0x110 Drivers/BSP/SensorTile/SensorTile.o
 .text.SD_IO_SPI_Init
                0x08000e60       0x5c Drivers/BSP/SensorTile/SensorTile.o
 .text.SD_IO_SPI_Error
                0x08000ebc       0x14 Drivers/BSP/SensorTile/SensorTile.o
 .text.SD_IO_SPI_Init_LS
                0x08000ed0       0x50 Drivers/BSP/SensorTile/SensorTile.o
 .text.SD_IO_SPI_Write
                0x08000f20       0x2c Drivers/BSP/SensorTile/SensorTile.o
 .text.SD_IO_SPI_Read
                0x08000f4c       0x38 Drivers/BSP/SensorTile/SensorTile.o
 .text.SD_IO_CS_Init
                0x08000f84       0x40 Drivers/BSP/SensorTile/SensorTile.o
                0x08000f84                SD_IO_CS_Init
 .text.SD_IO_WriteByte
                0x08000fc4        0x8 Drivers/BSP/SensorTile/SensorTile.o
                0x08000fc4                SD_IO_WriteByte
 .text.SD_IO_Init
                0x08000fcc       0x30 Drivers/BSP/SensorTile/SensorTile.o
                0x08000fcc                SD_IO_Init
 .text.SD_IO_Init_LS
                0x08000ffc       0x30 Drivers/BSP/SensorTile/SensorTile.o
                0x08000ffc                SD_IO_Init_LS
 .text.SD_IO_WriteDMA
                0x0800102c       0x18 Drivers/BSP/SensorTile/SensorTile.o
                0x0800102c                SD_IO_WriteDMA
 .text.SD_IO_ReadByte
                0x08001044        0xa Drivers/BSP/SensorTile/SensorTile.o
                0x08001044                SD_IO_ReadByte
 *fill*         0x0800104e        0x2 
 .text.SD_IO_WriteCmd_wResp
                0x08001050       0x64 Drivers/BSP/SensorTile/SensorTile.o
                0x08001050                SD_IO_WriteCmd_wResp
 .text.SD_IO_WaitResponse
                0x080010b4       0x20 Drivers/BSP/SensorTile/SensorTile.o
                0x080010b4                SD_IO_WaitResponse
 .text.SD_IO_WriteCmd
                0x080010d4       0x64 Drivers/BSP/SensorTile/SensorTile.o
                0x080010d4                SD_IO_WriteCmd
 .text.SD_IO_WriteDummy
                0x08001138       0x1c Drivers/BSP/SensorTile/SensorTile.o
                0x08001138                SD_IO_WriteDummy
 .text.SD_GetDataResponse
                0x08001154       0x5c Drivers/BSP/SensorTile/SensorTile_sd.o
 .text.SD_SendCmd
                0x080011b0       0x16 Drivers/BSP/SensorTile/SensorTile_sd.o
 .text.SD_SendCmd_wResp
                0x080011c6        0x8 Drivers/BSP/SensorTile/SensorTile_sd.o
 *fill*         0x080011ce        0x2 
 .text.SD_GoIdleState
                0x080011d0       0xe0 Drivers/BSP/SensorTile/SensorTile_sd.o
 .text.SD_GetCSDRegister
                0x080012b0      0x1a4 Drivers/BSP/SensorTile/SensorTile_sd.o
 .text.SD_GetCIDRegister
                0x08001454       0xfc Drivers/BSP/SensorTile/SensorTile_sd.o
 .text.BSP_SD_Init
                0x08001550       0x3c Drivers/BSP/SensorTile/SensorTile_sd.o
                0x08001550                BSP_SD_Init
 .text.BSP_SD_GetCardInfo
                0x0800158c       0x38 Drivers/BSP/SensorTile/SensorTile_sd.o
                0x0800158c                BSP_SD_GetCardInfo
 .text.BSP_SD_ReadBlocks
                0x080015c4       0xa8 Drivers/BSP/SensorTile/SensorTile_sd.o
                0x080015c4                BSP_SD_ReadBlocks
 .text.BSP_SD_WriteBlocks
                0x0800166c       0xa4 Drivers/BSP/SensorTile/SensorTile_sd.o
                0x0800166c                BSP_SD_WriteBlocks
 .text.HAL_SPI_TxCpltCallback
                0x08001710        0x2 Drivers/BSP/SensorTile/SensorTile_sd.o
                0x08001710                HAL_SPI_TxCpltCallback
 .text.BSP_SD_GetCardState
                0x08001712        0x4 Drivers/BSP/SensorTile/SensorTile_sd.o
                0x08001712                BSP_SD_GetCardState
 *fill*         0x08001716        0x2 
 .text.HAL_InitTick
                0x08001718       0x4c Drivers/STM32L4xx_HAL_Driver/Src/stm32l4xx_hal.o
                0x08001718                HAL_InitTick
 .text.HAL_Init
                0x08001764       0x1e Drivers/STM32L4xx_HAL_Driver/Src/stm32l4xx_hal.o
                0x08001764                HAL_Init
 *fill*         0x08001782        0x2 
 .text.HAL_IncTick
                0x08001784       0x18 Drivers/STM32L4xx_HAL_Driver/Src/stm32l4xx_hal.o
                0x08001784                HAL_IncTick
 .text.HAL_GetTick
                0x0800179c        0xc Drivers/STM32L4xx_HAL_Driver/Src/stm32l4xx_hal.o
                0x0800179c                HAL_GetTick
 .text.HAL_Delay
                0x080017a8       0x28 Drivers/STM32L4xx_HAL_Driver/Src/stm32l4xx_hal.o
                0x080017a8                HAL_Delay
 .text.HAL_NVIC_SetPriorityGrouping
                0x080017d0       0x24 Drivers/STM32L4xx_HAL_Driver/Src/stm32l4xx_hal_cortex.o
                0x080017d0                HAL_NVIC_SetPriorityGrouping
 .text.HAL_NVIC_SetPriority
                0x080017f4       0x68 Drivers/STM32L4xx_HAL_Driver/Src/stm32l4xx_hal_cortex.o
                0x080017f4                HAL_NVIC_SetPriority
 .text.HAL_NVIC_EnableIRQ
                0x0800185c       0x1c Drivers/STM32L4xx_HAL_Driver/Src/stm32l4xx_hal_cortex.o
                0x0800185c                HAL_NVIC_EnableIRQ
 .text.HAL_SYSTICK_Config
                0x08001878       0x2c Drivers/STM32L4xx_HAL_Driver/Src/stm32l4xx_hal_cortex.o
                0x08001878                HAL_SYSTICK_Config
 .text.DMA_SetConfig
                0x080018a4       0x30 Drivers/STM32L4xx_HAL_Driver/Src/stm32l4xx_hal_dma.o
 .text.HAL_DMA_Init
                0x080018d4       0xf8 Drivers/STM32L4xx_HAL_Driver/Src/stm32l4xx_hal_dma.o
                0x080018d4                HAL_DMA_Init
 .text.HAL_DMA_Start_IT
                0x080019cc       0x76 Drivers/STM32L4xx_HAL_Driver/Src/stm32l4xx_hal_dma.o
                0x080019cc                HAL_DMA_Start_IT
 *fill*         0x08001a42        0x2 
 .text.HAL_GPIO_Init
                0x08001a44      0x1d4 Drivers/STM32L4xx_HAL_Driver/Src/stm32l4xx_hal_gpio.o
                0x08001a44                HAL_GPIO_Init
 .text.HAL_GPIO_DeInit
                0x08001c18      0x120 Drivers/STM32L4xx_HAL_Driver/Src/stm32l4xx_hal_gpio.o
                0x08001c18                HAL_GPIO_DeInit
 .text.HAL_GPIO_WritePin
                0x08001d38        0xa Drivers/STM32L4xx_HAL_Driver/Src/stm32l4xx_hal_gpio.o
                0x08001d38                HAL_GPIO_WritePin
 *fill*         0x08001d42        0x2 
 .text.HAL_PWREx_GetVoltageRange
                0x08001d44       0x10 Drivers/STM32L4xx_HAL_Driver/Src/stm32l4xx_hal_pwr_ex.o
                0x08001d44                HAL_PWREx_GetVoltageRange
 .text.HAL_PWREx_ControlVoltageScaling
                0x08001d54       0x90 Drivers/STM32L4xx_HAL_Driver/Src/stm32l4xx_hal_pwr_ex.o
                0x08001d54                HAL_PWREx_ControlVoltageScaling
 .text.HAL_PWREx_EnableVddIO2
                0x08001de4       0x10 Drivers/STM32L4xx_HAL_Driver/Src/stm32l4xx_hal_pwr_ex.o
                0x08001de4                HAL_PWREx_EnableVddIO2
 .text.RCC_SetFlashLatencyFromMSIRange
                0x08001df4       0x90 Drivers/STM32L4xx_HAL_Driver/Src/stm32l4xx_hal_rcc.o
 .text.HAL_RCC_GetSysClockFreq
                0x08001e84       0xb4 Drivers/STM32L4xx_HAL_Driver/Src/stm32l4xx_hal_rcc.o
                0x08001e84                HAL_RCC_GetSysClockFreq
 .text.HAL_RCC_OscConfig
                0x08001f38      0x5dc Drivers/STM32L4xx_HAL_Driver/Src/stm32l4xx_hal_rcc.o
                0x08001f38                HAL_RCC_OscConfig
 .text.HAL_RCC_ClockConfig
                0x08002514      0x158 Drivers/STM32L4xx_HAL_Driver/Src/stm32l4xx_hal_rcc.o
                0x08002514                HAL_RCC_ClockConfig
 .text.HAL_RCC_GetHCLKFreq
                0x0800266c        0xc Drivers/STM32L4xx_HAL_Driver/Src/stm32l4xx_hal_rcc.o
                0x0800266c                HAL_RCC_GetHCLKFreq
 .text.HAL_RCC_GetPCLK1Freq
                0x08002678       0x24 Drivers/STM32L4xx_HAL_Driver/Src/stm32l4xx_hal_rcc.o
                0x08002678                HAL_RCC_GetPCLK1Freq
 .text.HAL_RCC_GetPCLK2Freq
                0x0800269c       0x24 Drivers/STM32L4xx_HAL_Driver/Src/stm32l4xx_hal_rcc.o
                0x0800269c                HAL_RCC_GetPCLK2Freq
 .text.RCCEx_PLLSAI1_Config
                0x080026c0      0x170 Drivers/STM32L4xx_HAL_Driver/Src/stm32l4xx_hal_rcc_ex.o
 .text.RCCEx_PLLSAI2_Config
                0x08002830      0x14c Drivers/STM32L4xx_HAL_Driver/Src/stm32l4xx_hal_rcc_ex.o
 .text.HAL_RCCEx_PeriphCLKConfig
                0x0800297c      0x450 Drivers/STM32L4xx_HAL_Driver/Src/stm32l4xx_hal_rcc_ex.o
                0x0800297c                HAL_RCCEx_PeriphCLKConfig
 .text.SPI_WaitFlagStateUntilTimeout
                0x08002dcc       0x90 Drivers/STM32L4xx_HAL_Driver/Src/stm32l4xx_hal_spi.o
 .text.SPI_WaitFifoStateUntilTimeout
                0x08002e5c       0x98 Drivers/STM32L4xx_HAL_Driver/Src/stm32l4xx_hal_spi.o
 .text.SPI_EndRxTxTransaction
                0x08002ef4       0x66 Drivers/STM32L4xx_HAL_Driver/Src/stm32l4xx_hal_spi.o
 .text.HAL_SPI_Init
                0x08002f5a       0xb0 Drivers/STM32L4xx_HAL_Driver/Src/stm32l4xx_hal_spi.o
                0x08002f5a                HAL_SPI_Init
 .text.HAL_SPI_DeInit
                0x0800300a       0x2c Drivers/STM32L4xx_HAL_Driver/Src/stm32l4xx_hal_spi.o
                0x0800300a                HAL_SPI_DeInit
 .text.HAL_SPI_Transmit
                0x08003036      0x1dc Drivers/STM32L4xx_HAL_Driver/Src/stm32l4xx_hal_spi.o
                0x08003036                HAL_SPI_Transmit
 .text.HAL_SPI_TransmitReceive
                0x08003212      0x2ce Drivers/STM32L4xx_HAL_Driver/Src/stm32l4xx_hal_spi.o
                0x08003212                HAL_SPI_TransmitReceive
 .text.HAL_SPI_Transmit_DMA
                0x080034e0      0x12c Drivers/STM32L4xx_HAL_Driver/Src/stm32l4xx_hal_spi.o
                0x080034e0                HAL_SPI_Transmit_DMA
 .text.HAL_SPI_TxHalfCpltCallback
                0x0800360c        0x2 Drivers/STM32L4xx_HAL_Driver/Src/stm32l4xx_hal_spi.o
                0x0800360c                HAL_SPI_TxHalfCpltCallback
 .text.SPI_DMAHalfTransmitCplt
                0x0800360e        0xa Drivers/STM32L4xx_HAL_Driver/Src/stm32l4xx_hal_spi.o
 .text.HAL_SPI_ErrorCallback
                0x08003618        0x2 Drivers/STM32L4xx_HAL_Driver/Src/stm32l4xx_hal_spi.o
                0x08003618                HAL_SPI_ErrorCallback
 .text.SPI_DMAError
                0x0800361a       0x22 Drivers/STM32L4xx_HAL_Driver/Src/stm32l4xx_hal_spi.o
 .text.SPI_DMATransmitCplt
                0x0800363c       0x70 Drivers/STM32L4xx_HAL_Driver/Src/stm32l4xx_hal_spi.o
 .text.HAL_SPI_GetState
                0x080036ac        0x6 Drivers/STM32L4xx_HAL_Driver/Src/stm32l4xx_hal_spi.o
                0x080036ac                HAL_SPI_GetState
 *fill*         0x080036b2        0x2 
 .text.UART_SetConfig
                0x080036b4      0x424 Drivers/STM32L4xx_HAL_Driver/Src/stm32l4xx_hal_uart.o
                0x080036b4                UART_SetConfig
 .text.UART_AdvFeatureConfig
                0x08003ad8       0xca Drivers/STM32L4xx_HAL_Driver/Src/stm32l4xx_hal_uart.o
                0x08003ad8                UART_AdvFeatureConfig
 .text.UART_WaitOnFlagUntilTimeout
                0x08003ba2       0x60 Drivers/STM32L4xx_HAL_Driver/Src/stm32l4xx_hal_uart.o
                0x08003ba2                UART_WaitOnFlagUntilTimeout
 .text.HAL_UART_Transmit
                0x08003c02       0xd8 Drivers/STM32L4xx_HAL_Driver/Src/stm32l4xx_hal_uart.o
                0x08003c02                HAL_UART_Transmit
 .text.UART_CheckIdleState
                0x08003cda       0x6c Drivers/STM32L4xx_HAL_Driver/Src/stm32l4xx_hal_uart.o
                0x08003cda                UART_CheckIdleState
 .text.HAL_UART_Init
                0x08003d46       0x62 Drivers/STM32L4xx_HAL_Driver/Src/stm32l4xx_hal_uart.o
                0x08003d46                HAL_UART_Init
 .text.disk_status
                0x08003da8       0x18 Middlewares/Third_Party/FatFs/src/diskio.o
                0x08003da8                disk_status
 .text.disk_initialize
                0x08003dc0       0x28 Middlewares/Third_Party/FatFs/src/diskio.o
                0x08003dc0                disk_initialize
 .text.disk_read
                0x08003de8       0x18 Middlewares/Third_Party/FatFs/src/diskio.o
                0x08003de8                disk_read
 .text.disk_write
                0x08003e00       0x18 Middlewares/Third_Party/FatFs/src/diskio.o
                0x08003e00                disk_write
 .text.disk_ioctl
                0x08003e18       0x18 Middlewares/Third_Party/FatFs/src/diskio.o
                0x08003e18                disk_ioctl
 .text.get_fattime
                0x08003e30        0x4 Middlewares/Third_Party/FatFs/src/diskio.o
                0x08003e30                get_fattime
 .text.ld_word  0x08003e34        0xa Middlewares/Third_Party/FatFs/src/ff.o
 .text.ld_dword
                0x08003e3e       0x16 Middlewares/Third_Party/FatFs/src/ff.o
 .text.st_word  0x08003e54        0x8 Middlewares/Third_Party/FatFs/src/ff.o
 .text.st_dword
                0x08003e5c       0x14 Middlewares/Third_Party/FatFs/src/ff.o
 .text.mem_cpy  0x08003e70       0x12 Middlewares/Third_Party/FatFs/src/ff.o
 .text.mem_set  0x08003e82        0xa Middlewares/Third_Party/FatFs/src/ff.o
 .text.mem_cmp  0x08003e8c       0x1e Middlewares/Third_Party/FatFs/src/ff.o
 .text.chk_chr  0x08003eaa       0x10 Middlewares/Third_Party/FatFs/src/ff.o
 *fill*         0x08003eba        0x2 
 .text.chk_lock
                0x08003ebc       0x74 Middlewares/Third_Party/FatFs/src/ff.o
 .text.enq_lock
                0x08003f30       0x20 Middlewares/Third_Party/FatFs/src/ff.o
 .text.inc_lock
                0x08003f50       0xa4 Middlewares/Third_Party/FatFs/src/ff.o
 .text.dec_lock
                0x08003ff4       0x40 Middlewares/Third_Party/FatFs/src/ff.o
 .text.clear_lock
                0x08004034       0x3c Middlewares/Third_Party/FatFs/src/ff.o
 .text.clust2sect
                0x08004070       0x18 Middlewares/Third_Party/FatFs/src/ff.o
 .text.clmt_clust
                0x08004088       0x22 Middlewares/Third_Party/FatFs/src/ff.o
 .text.ld_clust
                0x080040aa       0x26 Middlewares/Third_Party/FatFs/src/ff.o
 .text.st_clust
                0x080040d0       0x26 Middlewares/Third_Party/FatFs/src/ff.o
 *fill*         0x080040f6        0x2 
 .text.create_name
                0x080040f8       0xcc Middlewares/Third_Party/FatFs/src/ff.o
 .text.get_ldnumber
                0x080041c4       0x54 Middlewares/Third_Party/FatFs/src/ff.o
 .text.putc_init
                0x08004218        0xa Middlewares/Third_Party/FatFs/src/ff.o
 .text.validate
                0x08004222       0x48 Middlewares/Third_Party/FatFs/src/ff.o
 .text.sync_window
                0x0800426a       0x54 Middlewares/Third_Party/FatFs/src/ff.o
 .text.move_window
                0x080042be       0x34 Middlewares/Third_Party/FatFs/src/ff.o
 *fill*         0x080042f2        0x2 
 .text.check_fs
                0x080042f4       0x7c Middlewares/Third_Party/FatFs/src/ff.o
 .text.find_volume
                0x08004370      0x304 Middlewares/Third_Party/FatFs/src/ff.o
 .text.put_fat  0x08004674      0x10a Middlewares/Third_Party/FatFs/src/ff.o
 .text.get_fat  0x0800477e       0xd0 Middlewares/Third_Party/FatFs/src/ff.o
 .text.dir_sdi  0x0800484e       0xa2 Middlewares/Third_Party/FatFs/src/ff.o
 .text.create_chain
                0x080048f0       0xc4 Middlewares/Third_Party/FatFs/src/ff.o
 .text.remove_chain
                0x080049b4       0x88 Middlewares/Third_Party/FatFs/src/ff.o
 .text.dir_next
                0x08004a3c      0x10c Middlewares/Third_Party/FatFs/src/ff.o
 .text.dir_find
                0x08004b48       0x5a Middlewares/Third_Party/FatFs/src/ff.o
 .text.follow_path
                0x08004ba2       0x8c Middlewares/Third_Party/FatFs/src/ff.o
 .text.dir_alloc
                0x08004c2e       0x50 Middlewares/Third_Party/FatFs/src/ff.o
 .text.dir_register
                0x08004c7e       0x3e Middlewares/Third_Party/FatFs/src/ff.o
 .text.sync_fs  0x08004cbc       0x8c Middlewares/Third_Party/FatFs/src/ff.o
 .text.f_mount  0x08004d48       0x64 Middlewares/Third_Party/FatFs/src/ff.o
                0x08004d48                f_mount
 .text.f_open   0x08004dac      0x228 Middlewares/Third_Party/FatFs/src/ff.o
                0x08004dac                f_open
 .text.f_write  0x08004fd4      0x1c6 Middlewares/Third_Party/FatFs/src/ff.o
                0x08004fd4                f_write
 .text.putc_bfd
                0x0800519a       0x4e Middlewares/Third_Party/FatFs/src/ff.o
 .text.putc_flush
                0x080051e8       0x3a Middlewares/Third_Party/FatFs/src/ff.o
 .text.f_sync   0x08005222       0xa0 Middlewares/Third_Party/FatFs/src/ff.o
                0x08005222                f_sync
 .text.f_close  0x080052c2       0x34 Middlewares/Third_Party/FatFs/src/ff.o
                0x080052c2                f_close
 .text.f_getfree
                0x080052f6       0xe0 Middlewares/Third_Party/FatFs/src/ff.o
                0x080052f6                f_getfree
 .text.f_puts   0x080053d6       0x26 Middlewares/Third_Party/FatFs/src/ff.o
                0x080053d6                f_puts
 .text.FATFS_LinkDriverEx
                0x080053fc       0x48 Middlewares/Third_Party/FatFs/src/ff_gen_drv.o
                0x080053fc                FATFS_LinkDriverEx
 .text.FATFS_LinkDriver
                0x08005444        0xa Middlewares/Third_Party/FatFs/src/ff_gen_drv.o
                0x08005444                FATFS_LinkDriver
 *fill*         0x0800544e        0x2 
 .text.MX_GPIO_Init
                0x08005450       0xb8 Src/main.o
 .text.MX_SPI2_Init
                0x08005508       0x48 Src/main.o
 .text.MX_UART5_Init
                0x08005550       0x30 Src/main.o
 .text.__io_putchar
                0x08005580       0x24 Src/main.o
                0x08005580                __io_putchar
 .text.SystemClock_Config
                0x080055a4       0x76 Src/main.o
                0x080055a4                SystemClock_Config
 *fill*         0x0800561a        0x2 
 .text.main     0x0800561c      0x130 Src/main.o
                0x0800561c                main
 .text.SD_CheckStatus
                0x0800574c       0x24 Src/sd_diskio_SensorTile.o
 .text.SD_initialize
                0x08005770       0x28 Src/sd_diskio_SensorTile.o
                0x08005770                SD_initialize
 .text.SD_status
                0x08005798        0x8 Src/sd_diskio_SensorTile.o
                0x08005798                SD_status
 .text.SD_read  0x080057a0       0x2c Src/sd_diskio_SensorTile.o
                0x080057a0                SD_read
 .text.SD_write
                0x080057cc       0x2c Src/sd_diskio_SensorTile.o
                0x080057cc                SD_write
 .text.SD_ioctl
                0x080057f8       0x5c Src/sd_diskio_SensorTile.o
                0x080057f8                SD_ioctl
 .text.HAL_MspInit
                0x08005854       0x30 Src/stm32l4xx_hal_msp.o
                0x08005854                HAL_MspInit
 .text.HAL_SPI_MspInit
                0x08005884       0x6c Src/stm32l4xx_hal_msp.o
                0x08005884                HAL_SPI_MspInit
 .text.HAL_SPI_MspDeInit
                0x080058f0       0x30 Src/stm32l4xx_hal_msp.o
                0x080058f0                HAL_SPI_MspDeInit
 .text.HAL_UART_MspInit
                0x08005920       0x94 Src/stm32l4xx_hal_msp.o
                0x08005920                HAL_UART_MspInit
 .text.NMI_Handler
                0x080059b4        0x2 Src/stm32l4xx_it.o
                0x080059b4                NMI_Handler
 .text.HardFault_Handler
                0x080059b6        0x2 Src/stm32l4xx_it.o
                0x080059b6                HardFault_Handler
 .text.MemManage_Handler
                0x080059b8        0x2 Src/stm32l4xx_it.o
                0x080059b8                MemManage_Handler
 .text.BusFault_Handler
                0x080059ba        0x2 Src/stm32l4xx_it.o
                0x080059ba                BusFault_Handler
 .text.UsageFault_Handler
                0x080059bc        0x2 Src/stm32l4xx_it.o
                0x080059bc                UsageFault_Handler
 .text.SVC_Handler
                0x080059be        0x2 Src/stm32l4xx_it.o
                0x080059be                SVC_Handler
 .text.DebugMon_Handler
                0x080059c0        0x2 Src/stm32l4xx_it.o
                0x080059c0                DebugMon_Handler
 .text.PendSV_Handler
                0x080059c2        0x2 Src/stm32l4xx_it.o
                0x080059c2                PendSV_Handler
 .text.SysTick_Handler
                0x080059c4        0x8 Src/stm32l4xx_it.o
                0x080059c4                SysTick_Handler
 .text._read    0x080059cc       0x1c Src/syscalls.o
                0x080059cc                _read
 .text._write   0x080059e8       0x1c Src/syscalls.o
                0x080059e8                _write
 .text._sbrk    0x08005a04       0x3c Src/syscalls.o
                0x08005a04                _sbrk
 .text._close   0x08005a40        0x6 Src/syscalls.o
                0x08005a40                _close
 .text._fstat   0x08005a46        0xa Src/syscalls.o
                0x08005a46                _fstat
 .text._isatty  0x08005a50        0x4 Src/syscalls.o
                0x08005a50                _isatty
 .text._lseek   0x08005a54        0x4 Src/syscalls.o
                0x08005a54                _lseek
 .text.SystemInit
                0x08005a58       0x48 Src/system_stm32l4xx.o
                0x08005a58                SystemInit
 .text.Reset_Handler
                0x08005aa0       0x50 startup/startup_stm32l476xx.o
                0x08005aa0                Reset_Handler
 .text.Default_Handler
                0x08005af0        0x2 startup/startup_stm32l476xx.o
                0x08005af0                RTC_Alarm_IRQHandler
                0x08005af0                EXTI2_IRQHandler
                0x08005af0                TIM8_TRG_COM_IRQHandler
                0x08005af0                TIM8_CC_IRQHandler
                0x08005af0                TIM1_CC_IRQHandler
                0x08005af0                TSC_IRQHandler
                0x08005af0                TAMP_STAMP_IRQHandler
                0x08005af0                EXTI3_IRQHandler
                0x08005af0                LPTIM2_IRQHandler
                0x08005af0                DFSDM1_FLT1_IRQHandler
                0x08005af0                I2C3_ER_IRQHandler
                0x08005af0                DFSDM1_FLT2_IRQHandler
                0x08005af0                EXTI0_IRQHandler
                0x08005af0                I2C2_EV_IRQHandler
                0x08005af0                CAN1_RX0_IRQHandler
                0x08005af0                FPU_IRQHandler
                0x08005af0                TIM1_UP_TIM16_IRQHandler
                0x08005af0                ADC1_2_IRQHandler
                0x08005af0                SPI1_IRQHandler
                0x08005af0                TIM6_DAC_IRQHandler
                0x08005af0                TIM8_UP_IRQHandler
                0x08005af0                DMA2_Channel2_IRQHandler
                0x08005af0                DMA1_Channel4_IRQHandler
                0x08005af0                SAI2_IRQHandler
                0x08005af0                DFSDM1_FLT3_IRQHandler
                0x08005af0                USART3_IRQHandler
                0x08005af0                DMA1_Channel7_IRQHandler
                0x08005af0                CAN1_RX1_IRQHandler
                0x08005af0                LCD_IRQHandler
                0x08005af0                UART5_IRQHandler
                0x08005af0                ADC3_IRQHandler
                0x08005af0                TIM4_IRQHandler
                0x08005af0                DMA2_Channel1_IRQHandler
                0x08005af0                QUADSPI_IRQHandler
                0x08005af0                I2C1_EV_IRQHandler
                0x08005af0                DMA1_Channel6_IRQHandler
                0x08005af0                UART4_IRQHandler
                0x08005af0                DMA2_Channel4_IRQHandler
                0x08005af0                TIM3_IRQHandler
                0x08005af0                RCC_IRQHandler
                0x08005af0                DMA1_Channel1_IRQHandler
                0x08005af0                Default_Handler
                0x08005af0                DMA2_Channel7_IRQHandler
                0x08005af0                EXTI15_10_IRQHandler
                0x08005af0                TIM7_IRQHandler
                0x08005af0                SDMMC1_IRQHandler
                0x08005af0                TIM5_IRQHandler
                0x08005af0                I2C3_EV_IRQHandler
                0x08005af0                EXTI9_5_IRQHandler
                0x08005af0                RTC_WKUP_IRQHandler
                0x08005af0                PVD_PVM_IRQHandler
                0x08005af0                SPI2_IRQHandler
                0x08005af0                CAN1_TX_IRQHandler
                0x08005af0                DMA2_Channel5_IRQHandler
                0x08005af0                DMA1_Channel5_IRQHandler
                0x08005af0                EXTI4_IRQHandler
                0x08005af0                RNG_IRQHandler
                0x08005af0                TIM1_TRG_COM_TIM17_IRQHandler
                0x08005af0                DMA1_Channel3_IRQHandler
                0x08005af0                COMP_IRQHandler
                0x08005af0                WWDG_IRQHandler
                0x08005af0                LPUART1_IRQHandler
                0x08005af0                DMA2_Channel6_IRQHandler
                0x08005af0                TIM2_IRQHandler
                0x08005af0                EXTI1_IRQHandler
                0x08005af0                USART2_IRQHandler
                0x08005af0                DFSDM1_FLT0_IRQHandler
                0x08005af0                I2C2_ER_IRQHandler
                0x08005af0                DMA1_Channel2_IRQHandler
                0x08005af0                TIM8_BRK_IRQHandler
                0x08005af0                CAN1_SCE_IRQHandler
                0x08005af0                FLASH_IRQHandler
                0x08005af0                USART1_IRQHandler
                0x08005af0                OTG_FS_IRQHandler
                0x08005af0                SPI3_IRQHandler
                0x08005af0                I2C1_ER_IRQHandler
                0x08005af0                FMC_IRQHandler
                0x08005af0                SWPMI1_IRQHandler
                0x08005af0                LPTIM1_IRQHandler
                0x08005af0                SAI1_IRQHandler
                0x08005af0                DMA2_Channel3_IRQHandler
                0x08005af0                TIM1_BRK_TIM15_IRQHandler
 *fill*         0x08005af2        0x2 
 .text.__errno  0x08005af4        0xc c:/ac6/systemworkbench/plugins/fr.ac6.mcu.externaltools.arm-none.win32_1.17.0.201812190825/tools/compiler/bin/../lib/gcc/arm-none-eabi/7.3.1/../../../../arm-none-eabi/lib/thumb/v7e-m/fpv4-sp/hard\libc_nano.a(lib_a-errno.o)
                0x08005af4                __errno
 .text.__libc_init_array
                0x08005b00       0x48 c:/ac6/systemworkbench/plugins/fr.ac6.mcu.externaltools.arm-none.win32_1.17.0.201812190825/tools/compiler/bin/../lib/gcc/arm-none-eabi/7.3.1/../../../../arm-none-eabi/lib/thumb/v7e-m/fpv4-sp/hard\libc_nano.a(lib_a-init.o)
                0x08005b00                __libc_init_array
 .text.memset   0x08005b48       0x10 c:/ac6/systemworkbench/plugins/fr.ac6.mcu.externaltools.arm-none.win32_1.17.0.201812190825/tools/compiler/bin/../lib/gcc/arm-none-eabi/7.3.1/../../../../arm-none-eabi/lib/thumb/v7e-m/fpv4-sp/hard\libc_nano.a(lib_a-memset.o)
                0x08005b48                memset
 .text.printf   0x08005b58       0x30 c:/ac6/systemworkbench/plugins/fr.ac6.mcu.externaltools.arm-none.win32_1.17.0.201812190825/tools/compiler/bin/../lib/gcc/arm-none-eabi/7.3.1/../../../../arm-none-eabi/lib/thumb/v7e-m/fpv4-sp/hard\libc_nano.a(lib_a-printf.o)
                0x08005b58                iprintf
                0x08005b58                printf
 .text._puts_r  0x08005b88       0xb8 c:/ac6/systemworkbench/plugins/fr.ac6.mcu.externaltools.arm-none.win32_1.17.0.201812190825/tools/compiler/bin/../lib/gcc/arm-none-eabi/7.3.1/../../../../arm-none-eabi/lib/thumb/v7e-m/fpv4-sp/hard\libc_nano.a(lib_a-puts.o)
                0x08005b88                _puts_r
 .text.puts     0x08005c40       0x10 c:/ac6/systemworkbench/plugins/fr.ac6.mcu.externaltools.arm-none.win32_1.17.0.201812190825/tools/compiler/bin/../lib/gcc/arm-none-eabi/7.3.1/../../../../arm-none-eabi/lib/thumb/v7e-m/fpv4-sp/hard\libc_nano.a(lib_a-puts.o)
                0x08005c40                puts
 .text.__swbuf_r
                0x08005c50       0xa4 c:/ac6/systemworkbench/plugins/fr.ac6.mcu.externaltools.arm-none.win32_1.17.0.201812190825/tools/compiler/bin/../lib/gcc/arm-none-eabi/7.3.1/../../../../arm-none-eabi/lib/thumb/v7e-m/fpv4-sp/hard\libc_nano.a(lib_a-wbuf.o)
                0x08005c50                __swbuf_r
 .text.__swsetup_r
                0x08005cf4       0xdc c:/ac6/systemworkbench/plugins/fr.ac6.mcu.externaltools.arm-none.win32_1.17.0.201812190825/tools/compiler/bin/../lib/gcc/arm-none-eabi/7.3.1/../../../../arm-none-eabi/lib/thumb/v7e-m/fpv4-sp/hard\libc_nano.a(lib_a-wsetup.o)
                0x08005cf4                __swsetup_r
 .text.__sflush_r
                0x08005dd0      0x10c c:/ac6/systemworkbench/plugins/fr.ac6.mcu.externaltools.arm-none.win32_1.17.0.201812190825/tools/compiler/bin/../lib/gcc/arm-none-eabi/7.3.1/../../../../arm-none-eabi/lib/thumb/v7e-m/fpv4-sp/hard\libc_nano.a(lib_a-fflush.o)
                0x08005dd0                __sflush_r
 .text._fflush_r
                0x08005edc       0x54 c:/ac6/systemworkbench/plugins/fr.ac6.mcu.externaltools.arm-none.win32_1.17.0.201812190825/tools/compiler/bin/../lib/gcc/arm-none-eabi/7.3.1/../../../../arm-none-eabi/lib/thumb/v7e-m/fpv4-sp/hard\libc_nano.a(lib_a-fflush.o)
                0x08005edc                _fflush_r
 .text.std      0x08005f30       0x48 c:/ac6/systemworkbench/plugins/fr.ac6.mcu.externaltools.arm-none.win32_1.17.0.201812190825/tools/compiler/bin/../lib/gcc/arm-none-eabi/7.3.1/../../../../arm-none-eabi/lib/thumb/v7e-m/fpv4-sp/hard\libc_nano.a(lib_a-findfp.o)
 .text._cleanup_r
                0x08005f78        0xc c:/ac6/systemworkbench/plugins/fr.ac6.mcu.externaltools.arm-none.win32_1.17.0.201812190825/tools/compiler/bin/../lib/gcc/arm-none-eabi/7.3.1/../../../../arm-none-eabi/lib/thumb/v7e-m/fpv4-sp/hard\libc_nano.a(lib_a-findfp.o)
                0x08005f78                _cleanup_r
 .text.__sfmoreglue
                0x08005f84       0x2c c:/ac6/systemworkbench/plugins/fr.ac6.mcu.externaltools.arm-none.win32_1.17.0.201812190825/tools/compiler/bin/../lib/gcc/arm-none-eabi/7.3.1/../../../../arm-none-eabi/lib/thumb/v7e-m/fpv4-sp/hard\libc_nano.a(lib_a-findfp.o)
                0x08005f84                __sfmoreglue
 .text.__sinit  0x08005fb0       0x60 c:/ac6/systemworkbench/plugins/fr.ac6.mcu.externaltools.arm-none.win32_1.17.0.201812190825/tools/compiler/bin/../lib/gcc/arm-none-eabi/7.3.1/../../../../arm-none-eabi/lib/thumb/v7e-m/fpv4-sp/hard\libc_nano.a(lib_a-findfp.o)
                0x08005fb0                __sinit
 .text.__sfp    0x08006010       0x78 c:/ac6/systemworkbench/plugins/fr.ac6.mcu.externaltools.arm-none.win32_1.17.0.201812190825/tools/compiler/bin/../lib/gcc/arm-none-eabi/7.3.1/../../../../arm-none-eabi/lib/thumb/v7e-m/fpv4-sp/hard\libc_nano.a(lib_a-findfp.o)
                0x08006010                __sfp
 .text._fwalk_reent
                0x08006088       0x3c c:/ac6/systemworkbench/plugins/fr.ac6.mcu.externaltools.arm-none.win32_1.17.0.201812190825/tools/compiler/bin/../lib/gcc/arm-none-eabi/7.3.1/../../../../arm-none-eabi/lib/thumb/v7e-m/fpv4-sp/hard\libc_nano.a(lib_a-fwalk.o)
                0x08006088                _fwalk_reent
 .text.__swhatbuf_r
                0x080060c4       0x48 c:/ac6/systemworkbench/plugins/fr.ac6.mcu.externaltools.arm-none.win32_1.17.0.201812190825/tools/compiler/bin/../lib/gcc/arm-none-eabi/7.3.1/../../../../arm-none-eabi/lib/thumb/v7e-m/fpv4-sp/hard\libc_nano.a(lib_a-makebuf.o)
                0x080060c4                __swhatbuf_r
 .text.__smakebuf_r
                0x0800610c       0x80 c:/ac6/systemworkbench/plugins/fr.ac6.mcu.externaltools.arm-none.win32_1.17.0.201812190825/tools/compiler/bin/../lib/gcc/arm-none-eabi/7.3.1/../../../../arm-none-eabi/lib/thumb/v7e-m/fpv4-sp/hard\libc_nano.a(lib_a-makebuf.o)
                0x0800610c                __smakebuf_r
 .text._free_r  0x0800618c       0x9c c:/ac6/systemworkbench/plugins/fr.ac6.mcu.externaltools.arm-none.win32_1.17.0.201812190825/tools/compiler/bin/../lib/gcc/arm-none-eabi/7.3.1/../../../../arm-none-eabi/lib/thumb/v7e-m/fpv4-sp/hard\libc_nano.a(lib_a-nano-freer.o)
                0x0800618c                _free_r
 .text._malloc_r
                0x08006228       0xb4 c:/ac6/systemworkbench/plugins/fr.ac6.mcu.externaltools.arm-none.win32_1.17.0.201812190825/tools/compiler/bin/../lib/gcc/arm-none-eabi/7.3.1/../../../../arm-none-eabi/lib/thumb/v7e-m/fpv4-sp/hard\libc_nano.a(lib_a-nano-mallocr.o)
                0x08006228                _malloc_r
 .text.__sfputc_r
                0x080062dc       0x2e c:/ac6/systemworkbench/plugins/fr.ac6.mcu.externaltools.arm-none.win32_1.17.0.201812190825/tools/compiler/bin/../lib/gcc/arm-none-eabi/7.3.1/../../../../arm-none-eabi/lib/thumb/v7e-m/fpv4-sp/hard\libc_nano.a(lib_a-nano-vfprintf.o)
 .text.__sfputs_r
                0x0800630a       0x24 c:/ac6/systemworkbench/plugins/fr.ac6.mcu.externaltools.arm-none.win32_1.17.0.201812190825/tools/compiler/bin/../lib/gcc/arm-none-eabi/7.3.1/../../../../arm-none-eabi/lib/thumb/v7e-m/fpv4-sp/hard\libc_nano.a(lib_a-nano-vfprintf.o)
                0x0800630a                __sfputs_r
 *fill*         0x0800632e        0x2 
 .text._vfprintf_r
                0x08006330      0x22c c:/ac6/systemworkbench/plugins/fr.ac6.mcu.externaltools.arm-none.win32_1.17.0.201812190825/tools/compiler/bin/../lib/gcc/arm-none-eabi/7.3.1/../../../../arm-none-eabi/lib/thumb/v7e-m/fpv4-sp/hard\libc_nano.a(lib_a-nano-vfprintf.o)
                0x08006330                _vfprintf_r
                0x08006330                _vfiprintf_r
 .text._printf_common
                0x0800655c       0xea c:/ac6/systemworkbench/plugins/fr.ac6.mcu.externaltools.arm-none.win32_1.17.0.201812190825/tools/compiler/bin/../lib/gcc/arm-none-eabi/7.3.1/../../../../arm-none-eabi/lib/thumb/v7e-m/fpv4-sp/hard\libc_nano.a(lib_a-nano-vfprintf_i.o)
                0x0800655c                _printf_common
 *fill*         0x08006646        0x2 
 .text._printf_i
                0x08006648      0x224 c:/ac6/systemworkbench/plugins/fr.ac6.mcu.externaltools.arm-none.win32_1.17.0.201812190825/tools/compiler/bin/../lib/gcc/arm-none-eabi/7.3.1/../../../../arm-none-eabi/lib/thumb/v7e-m/fpv4-sp/hard\libc_nano.a(lib_a-nano-vfprintf_i.o)
                0x08006648                _printf_i
 .text._sbrk_r  0x0800686c       0x20 c:/ac6/systemworkbench/plugins/fr.ac6.mcu.externaltools.arm-none.win32_1.17.0.201812190825/tools/compiler/bin/../lib/gcc/arm-none-eabi/7.3.1/../../../../arm-none-eabi/lib/thumb/v7e-m/fpv4-sp/hard\libc_nano.a(lib_a-sbrkr.o)
                0x0800686c                _sbrk_r
 .text.__sread  0x0800688c       0x22 c:/ac6/systemworkbench/plugins/fr.ac6.mcu.externaltools.arm-none.win32_1.17.0.201812190825/tools/compiler/bin/../lib/gcc/arm-none-eabi/7.3.1/../../../../arm-none-eabi/lib/thumb/v7e-m/fpv4-sp/hard\libc_nano.a(lib_a-stdio.o)
                0x0800688c                __sread
 .text.__swrite
                0x080068ae       0x38 c:/ac6/systemworkbench/plugins/fr.ac6.mcu.externaltools.arm-none.win32_1.17.0.201812190825/tools/compiler/bin/../lib/gcc/arm-none-eabi/7.3.1/../../../../arm-none-eabi/lib/thumb/v7e-m/fpv4-sp/hard\libc_nano.a(lib_a-stdio.o)
                0x080068ae                __swrite
 .text.__sseek  0x080068e6       0x24 c:/ac6/systemworkbench/plugins/fr.ac6.mcu.externaltools.arm-none.win32_1.17.0.201812190825/tools/compiler/bin/../lib/gcc/arm-none-eabi/7.3.1/../../../../arm-none-eabi/lib/thumb/v7e-m/fpv4-sp/hard\libc_nano.a(lib_a-stdio.o)
                0x080068e6                __sseek
 .text.__sclose
                0x0800690a        0x8 c:/ac6/systemworkbench/plugins/fr.ac6.mcu.externaltools.arm-none.win32_1.17.0.201812190825/tools/compiler/bin/../lib/gcc/arm-none-eabi/7.3.1/../../../../arm-none-eabi/lib/thumb/v7e-m/fpv4-sp/hard\libc_nano.a(lib_a-stdio.o)
                0x0800690a                __sclose
 *fill*         0x08006912        0x2 
 .text._write_r
                0x08006914       0x24 c:/ac6/systemworkbench/plugins/fr.ac6.mcu.externaltools.arm-none.win32_1.17.0.201812190825/tools/compiler/bin/../lib/gcc/arm-none-eabi/7.3.1/../../../../arm-none-eabi/lib/thumb/v7e-m/fpv4-sp/hard\libc_nano.a(lib_a-writer.o)
                0x08006914                _write_r
 .text._close_r
                0x08006938       0x20 c:/ac6/systemworkbench/plugins/fr.ac6.mcu.externaltools.arm-none.win32_1.17.0.201812190825/tools/compiler/bin/../lib/gcc/arm-none-eabi/7.3.1/../../../../arm-none-eabi/lib/thumb/v7e-m/fpv4-sp/hard\libc_nano.a(lib_a-closer.o)
                0x08006938                _close_r
 .text._fstat_r
                0x08006958       0x24 c:/ac6/systemworkbench/plugins/fr.ac6.mcu.externaltools.arm-none.win32_1.17.0.201812190825/tools/compiler/bin/../lib/gcc/arm-none-eabi/7.3.1/../../../../arm-none-eabi/lib/thumb/v7e-m/fpv4-sp/hard\libc_nano.a(lib_a-fstatr.o)
                0x08006958                _fstat_r
 .text._isatty_r
                0x0800697c       0x20 c:/ac6/systemworkbench/plugins/fr.ac6.mcu.externaltools.arm-none.win32_1.17.0.201812190825/tools/compiler/bin/../lib/gcc/arm-none-eabi/7.3.1/../../../../arm-none-eabi/lib/thumb/v7e-m/fpv4-sp/hard\libc_nano.a(lib_a-isattyr.o)
                0x0800697c                _isatty_r
 .text._lseek_r
                0x0800699c       0x24 c:/ac6/systemworkbench/plugins/fr.ac6.mcu.externaltools.arm-none.win32_1.17.0.201812190825/tools/compiler/bin/../lib/gcc/arm-none-eabi/7.3.1/../../../../arm-none-eabi/lib/thumb/v7e-m/fpv4-sp/hard\libc_nano.a(lib_a-lseekr.o)
                0x0800699c                _lseek_r
 .text.__malloc_lock
                0x080069c0        0x2 c:/ac6/systemworkbench/plugins/fr.ac6.mcu.externaltools.arm-none.win32_1.17.0.201812190825/tools/compiler/bin/../lib/gcc/arm-none-eabi/7.3.1/../../../../arm-none-eabi/lib/thumb/v7e-m/fpv4-sp/hard\libc_nano.a(lib_a-mlock.o)
                0x080069c0                __malloc_lock
 .text.__malloc_unlock
                0x080069c2        0x2 c:/ac6/systemworkbench/plugins/fr.ac6.mcu.externaltools.arm-none.win32_1.17.0.201812190825/tools/compiler/bin/../lib/gcc/arm-none-eabi/7.3.1/../../../../arm-none-eabi/lib/thumb/v7e-m/fpv4-sp/hard\libc_nano.a(lib_a-mlock.o)
                0x080069c2                __malloc_unlock
 .text._read_r  0x080069c4       0x24 c:/ac6/systemworkbench/plugins/fr.ac6.mcu.externaltools.arm-none.win32_1.17.0.201812190825/tools/compiler/bin/../lib/gcc/arm-none-eabi/7.3.1/../../../../arm-none-eabi/lib/thumb/v7e-m/fpv4-sp/hard\libc_nano.a(lib_a-readr.o)
                0x080069c4                _read_r
 *(.glue_7)
 .glue_7        0x080069e8        0x0 linker stubs
 *(.glue_7t)
 .glue_7t       0x080069e8        0x0 linker stubs
 *(.eh_frame)
 .eh_frame      0x080069e8        0x0 c:/ac6/systemworkbench/plugins/fr.ac6.mcu.externaltools.arm-none.win32_1.17.0.201812190825/tools/compiler/bin/../lib/gcc/arm-none-eabi/7.3.1/thumb/v7e-m/fpv4-sp/hard/crtbegin.o
 *(.init)
 .init          0x080069e8        0x4 c:/ac6/systemworkbench/plugins/fr.ac6.mcu.externaltools.arm-none.win32_1.17.0.201812190825/tools/compiler/bin/../lib/gcc/arm-none-eabi/7.3.1/thumb/v7e-m/fpv4-sp/hard/crti.o
                0x080069e8                _init
 .init          0x080069ec        0x8 c:/ac6/systemworkbench/plugins/fr.ac6.mcu.externaltools.arm-none.win32_1.17.0.201812190825/tools/compiler/bin/../lib/gcc/arm-none-eabi/7.3.1/thumb/v7e-m/fpv4-sp/hard/crtn.o
 *(.fini)
 .fini          0x080069f4        0x4 c:/ac6/systemworkbench/plugins/fr.ac6.mcu.externaltools.arm-none.win32_1.17.0.201812190825/tools/compiler/bin/../lib/gcc/arm-none-eabi/7.3.1/thumb/v7e-m/fpv4-sp/hard/crti.o
                0x080069f4                _fini
 .fini          0x080069f8        0x8 c:/ac6/systemworkbench/plugins/fr.ac6.mcu.externaltools.arm-none.win32_1.17.0.201812190825/tools/compiler/bin/../lib/gcc/arm-none-eabi/7.3.1/thumb/v7e-m/fpv4-sp/hard/crtn.o
                0x08006a00                . = ALIGN (0x8)
                0x08006a00                _etext = .

.vfp11_veneer   0x08006a00        0x0
 .vfp11_veneer  0x08006a00        0x0 linker stubs

.v4_bx          0x08006a00        0x0
 .v4_bx         0x08006a00        0x0 linker stubs

.iplt           0x08006a00        0x0
 .iplt          0x08006a00        0x0 c:/ac6/systemworkbench/plugins/fr.ac6.mcu.externaltools.arm-none.win32_1.17.0.201812190825/tools/compiler/bin/../lib/gcc/arm-none-eabi/7.3.1/thumb/v7e-m/fpv4-sp/hard/crtbegin.o

.rodata         0x08006a00      0x2b0
                0x08006a00                . = ALIGN (0x8)
 *(.rodata)
 .rodata        0x08006a00       0x9e Middlewares/Third_Party/FatFs/src/ff.o
 *fill*         0x08006a9e        0x2 
 .rodata        0x08006aa0       0x14 Src/sd_diskio_SensorTile.o
                0x08006aa0                SD_Driver
 .rodata        0x08006ab4       0x48 Src/system_stm32l4xx.o
                0x08006ab4                MSIRangeTable
                0x08006ae4                AHBPrescTable
                0x08006af4                APBPrescTable
 *(.rodata*)
 .rodata.str1.4
                0x08006afc       0x44 Middlewares/Third_Party/FatFs/src/ff.o
 .rodata.str1.4
                0x08006b40       0xd4 Src/main.o
                                 0xd7 (size before relaxing)
 .rodata._global_impure_ptr
                0x08006c14        0x4 c:/ac6/systemworkbench/plugins/fr.ac6.mcu.externaltools.arm-none.win32_1.17.0.201812190825/tools/compiler/bin/../lib/gcc/arm-none-eabi/7.3.1/../../../../arm-none-eabi/lib/thumb/v7e-m/fpv4-sp/hard\libc_nano.a(lib_a-impure.o)
                0x08006c14                _global_impure_ptr
 .rodata.__sf_fake_stderr
                0x08006c18       0x20 c:/ac6/systemworkbench/plugins/fr.ac6.mcu.externaltools.arm-none.win32_1.17.0.201812190825/tools/compiler/bin/../lib/gcc/arm-none-eabi/7.3.1/../../../../arm-none-eabi/lib/thumb/v7e-m/fpv4-sp/hard\libc_nano.a(lib_a-findfp.o)
                0x08006c18                __sf_fake_stderr
 .rodata.__sf_fake_stdin
                0x08006c38       0x20 c:/ac6/systemworkbench/plugins/fr.ac6.mcu.externaltools.arm-none.win32_1.17.0.201812190825/tools/compiler/bin/../lib/gcc/arm-none-eabi/7.3.1/../../../../arm-none-eabi/lib/thumb/v7e-m/fpv4-sp/hard\libc_nano.a(lib_a-findfp.o)
                0x08006c38                __sf_fake_stdin
 .rodata.__sf_fake_stdout
                0x08006c58       0x20 c:/ac6/systemworkbench/plugins/fr.ac6.mcu.externaltools.arm-none.win32_1.17.0.201812190825/tools/compiler/bin/../lib/gcc/arm-none-eabi/7.3.1/../../../../arm-none-eabi/lib/thumb/v7e-m/fpv4-sp/hard\libc_nano.a(lib_a-findfp.o)
                0x08006c58                __sf_fake_stdout
 .rodata._vfprintf_r.str1.1
                0x08006c78       0x11 c:/ac6/systemworkbench/plugins/fr.ac6.mcu.externaltools.arm-none.win32_1.17.0.201812190825/tools/compiler/bin/../lib/gcc/arm-none-eabi/7.3.1/../../../../arm-none-eabi/lib/thumb/v7e-m/fpv4-sp/hard\libc_nano.a(lib_a-nano-vfprintf.o)
 .rodata._printf_i.str1.1
                0x08006c89       0x22 c:/ac6/systemworkbench/plugins/fr.ac6.mcu.externaltools.arm-none.win32_1.17.0.201812190825/tools/compiler/bin/../lib/gcc/arm-none-eabi/7.3.1/../../../../arm-none-eabi/lib/thumb/v7e-m/fpv4-sp/hard\libc_nano.a(lib_a-nano-vfprintf_i.o)
                0x08006cb0                . = ALIGN (0x8)
 *fill*         0x08006cab        0x5 

.ARM.extab      0x08006cb0        0x0
                0x08006cb0                . = ALIGN (0x8)
 *(.ARM.extab* .gnu.linkonce.armextab.*)
                0x08006cb0                . = ALIGN (0x8)

.ARM            0x08006cb0        0x8
                0x08006cb0                . = ALIGN (0x8)
                0x08006cb0                __exidx_start = .
 *(.ARM.exidx*)
 .ARM.exidx     0x08006cb0        0x8 c:/ac6/systemworkbench/plugins/fr.ac6.mcu.externaltools.arm-none.win32_1.17.0.201812190825/tools/compiler/bin/../lib/gcc/arm-none-eabi/7.3.1/thumb/v7e-m/fpv4-sp/hard\libgcc.a(_udivmoddi4.o)
                0x08006cb8                __exidx_end = .
                0x08006cb8                . = ALIGN (0x8)

.rel.dyn        0x08006cb8        0x0
 .rel.iplt      0x08006cb8        0x0 c:/ac6/systemworkbench/plugins/fr.ac6.mcu.externaltools.arm-none.win32_1.17.0.201812190825/tools/compiler/bin/../lib/gcc/arm-none-eabi/7.3.1/thumb/v7e-m/fpv4-sp/hard/crtbegin.o

.preinit_array  0x08006cb8        0x0
                0x08006cb8                . = ALIGN (0x8)
                0x08006cb8                PROVIDE (__preinit_array_start = .)
 *(.preinit_array*)
                0x08006cb8                PROVIDE (__preinit_array_end = .)
                0x08006cb8                . = ALIGN (0x8)

.init_array     0x08006cb8        0x8
                0x08006cb8                . = ALIGN (0x8)
                0x08006cb8                PROVIDE (__init_array_start = .)
 *(SORT_BY_NAME(.init_array.*))
 *(.init_array*)
 .init_array    0x08006cb8        0x4 c:/ac6/systemworkbench/plugins/fr.ac6.mcu.externaltools.arm-none.win32_1.17.0.201812190825/tools/compiler/bin/../lib/gcc/arm-none-eabi/7.3.1/thumb/v7e-m/fpv4-sp/hard/crtbegin.o
                0x08006cbc                PROVIDE (__init_array_end = .)
                0x08006cc0                . = ALIGN (0x8)
 *fill*         0x08006cbc        0x4 

.fini_array     0x08006cc0        0x8
                0x08006cc0                . = ALIGN (0x8)
                [!provide]                PROVIDE (__fini_array_start = .)
 *(SORT_BY_NAME(.fini_array.*))
 *(.fini_array*)
 .fini_array    0x08006cc0        0x4 c:/ac6/systemworkbench/plugins/fr.ac6.mcu.externaltools.arm-none.win32_1.17.0.201812190825/tools/compiler/bin/../lib/gcc/arm-none-eabi/7.3.1/thumb/v7e-m/fpv4-sp/hard/crtbegin.o
                [!provide]                PROVIDE (__fini_array_end = .)
                0x08006cc8                . = ALIGN (0x8)
 *fill*         0x08006cc4        0x4 
                0x08006cc8                _sidata = LOADADDR (.data)

.data           0x20000000       0x88 load address 0x08006cc8
                0x20000000                . = ALIGN (0x8)
                0x20000000                _sdata = .
 *(.data)
 .data          0x20000000        0xc Drivers/BSP/SensorTile/SensorTile.o
                0x20000000                SpixTimeout
                0x20000004                GPIO_PORT
 .data          0x2000000c        0x1 Drivers/BSP/SensorTile/SensorTile_sd.o
                0x2000000c                SdStatus
 *fill*         0x2000000d        0x3 
 .data          0x20000010        0x8 Drivers/STM32L4xx_HAL_Driver/Src/stm32l4xx_hal.o
                0x20000010                uwTickFreq
                0x20000014                uwTickPrio
 .data          0x20000018        0x1 Src/sd_diskio_SensorTile.o
 *fill*         0x20000019        0x3 
 .data          0x2000001c        0x4 Src/system_stm32l4xx.o
                0x2000001c                SystemCoreClock
 *(.data*)
 .data._impure_ptr
                0x20000020        0x4 c:/ac6/systemworkbench/plugins/fr.ac6.mcu.externaltools.arm-none.win32_1.17.0.201812190825/tools/compiler/bin/../lib/gcc/arm-none-eabi/7.3.1/../../../../arm-none-eabi/lib/thumb/v7e-m/fpv4-sp/hard\libc_nano.a(lib_a-impure.o)
                0x20000020                _impure_ptr
 .data.impure_data
                0x20000024       0x60 c:/ac6/systemworkbench/plugins/fr.ac6.mcu.externaltools.arm-none.win32_1.17.0.201812190825/tools/compiler/bin/../lib/gcc/arm-none-eabi/7.3.1/../../../../arm-none-eabi/lib/thumb/v7e-m/fpv4-sp/hard\libc_nano.a(lib_a-impure.o)
                0x20000088                . = ALIGN (0x8)
 *fill*         0x20000084        0x4 
                0x20000088                _edata = .

.igot.plt       0x20000088        0x0 load address 0x08006d50
 .igot.plt      0x20000088        0x0 c:/ac6/systemworkbench/plugins/fr.ac6.mcu.externaltools.arm-none.win32_1.17.0.201812190825/tools/compiler/bin/../lib/gcc/arm-none-eabi/7.3.1/thumb/v7e-m/fpv4-sp/hard/crtbegin.o
                0x20000088                . = ALIGN (0x4)

.bss            0x20000088      0x6d8 load address 0x08006d50
                0x20000088                _sbss = .
                0x20000088                __bss_start__ = _sbss
 *(.bss)
 .bss           0x20000088       0x1c c:/ac6/systemworkbench/plugins/fr.ac6.mcu.externaltools.arm-none.win32_1.17.0.201812190825/tools/compiler/bin/../lib/gcc/arm-none-eabi/7.3.1/thumb/v7e-m/fpv4-sp/hard/crtbegin.o
 .bss           0x200000a4        0x8 Drivers/BSP/SensorTile/SensorTile_sd.o
                0x200000a4                SD_CardType
                0x200000a8                wTransferState
 .bss           0x200000ac       0x26 Middlewares/Third_Party/FatFs/src/ff.o
 *fill*         0x200000d2        0x2 
 .bss           0x200000d4        0xc Middlewares/Third_Party/FatFs/src/ff_gen_drv.o
                0x200000d4                disk
 .bss           0x200000e0        0x8 Src/syscalls.o
                0x200000e4                __env
 *(.bss*)
 .bss.__malloc_free_list
                0x200000e8        0x4 c:/ac6/systemworkbench/plugins/fr.ac6.mcu.externaltools.arm-none.win32_1.17.0.201812190825/tools/compiler/bin/../lib/gcc/arm-none-eabi/7.3.1/../../../../arm-none-eabi/lib/thumb/v7e-m/fpv4-sp/hard\libc_nano.a(lib_a-nano-mallocr.o)
                0x200000e8                __malloc_free_list
 .bss.__malloc_sbrk_start
                0x200000ec        0x4 c:/ac6/systemworkbench/plugins/fr.ac6.mcu.externaltools.arm-none.win32_1.17.0.201812190825/tools/compiler/bin/../lib/gcc/arm-none-eabi/7.3.1/../../../../arm-none-eabi/lib/thumb/v7e-m/fpv4-sp/hard\libc_nano.a(lib_a-nano-mallocr.o)
                0x200000ec                __malloc_sbrk_start
 *(COMMON)
 COMMON         0x200000f0       0xac Drivers/BSP/SensorTile/SensorTile.o
                0x200000f0                SPI_SD_Handle
                0x20000154                hdma_tx
 COMMON         0x2000019c        0x4 Drivers/STM32L4xx_HAL_Driver/Src/stm32l4xx_hal.o
                0x2000019c                uwTick
 COMMON         0x200001a0      0x5bc Src/main.o
                0x200001a0                fre_clust
                0x200001a4                hspi2
                0x20000208                fs
                0x20000438                huart5
                0x200004b8                buffer
                0x2000051c                freeS
                0x20000520                pfs
                0x20000524                total
                0x20000528                fres
                0x2000052c                fil
 COMMON         0x2000075c        0x4 c:/ac6/systemworkbench/plugins/fr.ac6.mcu.externaltools.arm-none.win32_1.17.0.201812190825/tools/compiler/bin/../lib/gcc/arm-none-eabi/7.3.1/../../../../arm-none-eabi/lib/thumb/v7e-m/fpv4-sp/hard\libc_nano.a(lib_a-reent.o)
                0x2000075c                errno
                0x20000760                . = ALIGN (0x4)
                0x20000760                _ebss = .
                0x20000760                __bss_end__ = _ebss

._user_heap_stack
                0x20000760      0x600 load address 0x08006d50
                0x20000760                . = ALIGN (0x8)
                0x20000760                PROVIDE (end = .)
                [!provide]                PROVIDE (_end = .)
                0x20000960                . = (. + _Min_Heap_Size)
 *fill*         0x20000760      0x200 
                0x20000d60                . = (. + _Min_Stack_Size)
 *fill*         0x20000960      0x400 
                0x20000d60                . = ALIGN (0x8)

/DISCARD/
 libc.a(*)
 libm.a(*)
 libgcc.a(*)

.ARM.attributes
                0x00000000       0x30
 *(.ARM.attributes)
 .ARM.attributes
                0x00000000       0x22 c:/ac6/systemworkbench/plugins/fr.ac6.mcu.externaltools.arm-none.win32_1.17.0.201812190825/tools/compiler/bin/../lib/gcc/arm-none-eabi/7.3.1/thumb/v7e-m/fpv4-sp/hard/crti.o
 .ARM.attributes
                0x00000022       0x34 c:/ac6/systemworkbench/plugins/fr.ac6.mcu.externaltools.arm-none.win32_1.17.0.201812190825/tools/compiler/bin/../lib/gcc/arm-none-eabi/7.3.1/thumb/v7e-m/fpv4-sp/hard/crtbegin.o
 .ARM.attributes
                0x00000056       0x39 Drivers/BSP/SensorTile/SensorTile.o
 .ARM.attributes
                0x0000008f       0x39 Drivers/BSP/SensorTile/SensorTile_sd.o
 .ARM.attributes
                0x000000c8       0x39 Drivers/STM32L4xx_HAL_Driver/Src/stm32l4xx_hal.o
 .ARM.attributes
                0x00000101       0x39 Drivers/STM32L4xx_HAL_Driver/Src/stm32l4xx_hal_cortex.o
 .ARM.attributes
                0x0000013a       0x39 Drivers/STM32L4xx_HAL_Driver/Src/stm32l4xx_hal_dma.o
 .ARM.attributes
                0x00000173       0x39 Drivers/STM32L4xx_HAL_Driver/Src/stm32l4xx_hal_gpio.o
 .ARM.attributes
                0x000001ac       0x39 Drivers/STM32L4xx_HAL_Driver/Src/stm32l4xx_hal_pwr_ex.o
 .ARM.attributes
                0x000001e5       0x39 Drivers/STM32L4xx_HAL_Driver/Src/stm32l4xx_hal_rcc.o
 .ARM.attributes
                0x0000021e       0x39 Drivers/STM32L4xx_HAL_Driver/Src/stm32l4xx_hal_rcc_ex.o
 .ARM.attributes
                0x00000257       0x39 Drivers/STM32L4xx_HAL_Driver/Src/stm32l4xx_hal_spi.o
 .ARM.attributes
                0x00000290       0x39 Drivers/STM32L4xx_HAL_Driver/Src/stm32l4xx_hal_uart.o
 .ARM.attributes
                0x000002c9       0x39 Middlewares/Third_Party/FatFs/src/diskio.o
 .ARM.attributes
                0x00000302       0x39 Middlewares/Third_Party/FatFs/src/ff.o
 .ARM.attributes
                0x0000033b       0x39 Middlewares/Third_Party/FatFs/src/ff_gen_drv.o
 .ARM.attributes
                0x00000374       0x39 Src/main.o
 .ARM.attributes
                0x000003ad       0x39 Src/sd_diskio_SensorTile.o
 .ARM.attributes
                0x000003e6       0x39 Src/stm32l4xx_hal_msp.o
 .ARM.attributes
                0x0000041f       0x39 Src/stm32l4xx_it.o
 .ARM.attributes
                0x00000458       0x39 Src/syscalls.o
 .ARM.attributes
                0x00000491       0x39 Src/system_stm32l4xx.o
 .ARM.attributes
                0x000004ca       0x21 startup/startup_stm32l476xx.o
 .ARM.attributes
                0x000004eb       0x22 c:/ac6/systemworkbench/plugins/fr.ac6.mcu.externaltools.arm-none.win32_1.17.0.201812190825/tools/compiler/bin/../lib/gcc/arm-none-eabi/7.3.1/thumb/v7e-m/fpv4-sp/hard\libgcc.a(_arm_addsubdf3.o)
 .ARM.attributes
                0x0000050d       0x22 c:/ac6/systemworkbench/plugins/fr.ac6.mcu.externaltools.arm-none.win32_1.17.0.201812190825/tools/compiler/bin/../lib/gcc/arm-none-eabi/7.3.1/thumb/v7e-m/fpv4-sp/hard\libgcc.a(_arm_muldivdf3.o)
 .ARM.attributes
                0x0000052f       0x22 c:/ac6/systemworkbench/plugins/fr.ac6.mcu.externaltools.arm-none.win32_1.17.0.201812190825/tools/compiler/bin/../lib/gcc/arm-none-eabi/7.3.1/thumb/v7e-m/fpv4-sp/hard\libgcc.a(_arm_fixunsdfsi.o)
 .ARM.attributes
                0x00000551       0x22 c:/ac6/systemworkbench/plugins/fr.ac6.mcu.externaltools.arm-none.win32_1.17.0.201812190825/tools/compiler/bin/../lib/gcc/arm-none-eabi/7.3.1/thumb/v7e-m/fpv4-sp/hard\libgcc.a(_aeabi_uldivmod.o)
 .ARM.attributes
                0x00000573       0x34 c:/ac6/systemworkbench/plugins/fr.ac6.mcu.externaltools.arm-none.win32_1.17.0.201812190825/tools/compiler/bin/../lib/gcc/arm-none-eabi/7.3.1/thumb/v7e-m/fpv4-sp/hard\libgcc.a(_udivmoddi4.o)
 .ARM.attributes
                0x000005a7       0x22 c:/ac6/systemworkbench/plugins/fr.ac6.mcu.externaltools.arm-none.win32_1.17.0.201812190825/tools/compiler/bin/../lib/gcc/arm-none-eabi/7.3.1/thumb/v7e-m/fpv4-sp/hard\libgcc.a(_dvmd_tls.o)
 .ARM.attributes
                0x000005c9       0x34 c:/ac6/systemworkbench/plugins/fr.ac6.mcu.externaltools.arm-none.win32_1.17.0.201812190825/tools/compiler/bin/../lib/gcc/arm-none-eabi/7.3.1/../../../../arm-none-eabi/lib/thumb/v7e-m/fpv4-sp/hard\libc_nano.a(lib_a-errno.o)
 .ARM.attributes
                0x000005fd       0x34 c:/ac6/systemworkbench/plugins/fr.ac6.mcu.externaltools.arm-none.win32_1.17.0.201812190825/tools/compiler/bin/../lib/gcc/arm-none-eabi/7.3.1/../../../../arm-none-eabi/lib/thumb/v7e-m/fpv4-sp/hard\libc_nano.a(lib_a-impure.o)
 .ARM.attributes
                0x00000631       0x34 c:/ac6/systemworkbench/plugins/fr.ac6.mcu.externaltools.arm-none.win32_1.17.0.201812190825/tools/compiler/bin/../lib/gcc/arm-none-eabi/7.3.1/../../../../arm-none-eabi/lib/thumb/v7e-m/fpv4-sp/hard\libc_nano.a(lib_a-init.o)
 .ARM.attributes
                0x00000665       0x34 c:/ac6/systemworkbench/plugins/fr.ac6.mcu.externaltools.arm-none.win32_1.17.0.201812190825/tools/compiler/bin/../lib/gcc/arm-none-eabi/7.3.1/../../../../arm-none-eabi/lib/thumb/v7e-m/fpv4-sp/hard\libc_nano.a(lib_a-memset.o)
 .ARM.attributes
                0x00000699       0x34 c:/ac6/systemworkbench/plugins/fr.ac6.mcu.externaltools.arm-none.win32_1.17.0.201812190825/tools/compiler/bin/../lib/gcc/arm-none-eabi/7.3.1/../../../../arm-none-eabi/lib/thumb/v7e-m/fpv4-sp/hard\libc_nano.a(lib_a-printf.o)
 .ARM.attributes
                0x000006cd       0x34 c:/ac6/systemworkbench/plugins/fr.ac6.mcu.externaltools.arm-none.win32_1.17.0.201812190825/tools/compiler/bin/../lib/gcc/arm-none-eabi/7.3.1/../../../../arm-none-eabi/lib/thumb/v7e-m/fpv4-sp/hard\libc_nano.a(lib_a-puts.o)
 .ARM.attributes
                0x00000701       0x34 c:/ac6/systemworkbench/plugins/fr.ac6.mcu.externaltools.arm-none.win32_1.17.0.201812190825/tools/compiler/bin/../lib/gcc/arm-none-eabi/7.3.1/../../../../arm-none-eabi/lib/thumb/v7e-m/fpv4-sp/hard\libc_nano.a(lib_a-wbuf.o)
 .ARM.attributes
                0x00000735       0x34 c:/ac6/systemworkbench/plugins/fr.ac6.mcu.externaltools.arm-none.win32_1.17.0.201812190825/tools/compiler/bin/../lib/gcc/arm-none-eabi/7.3.1/../../../../arm-none-eabi/lib/thumb/v7e-m/fpv4-sp/hard\libc_nano.a(lib_a-wsetup.o)
 .ARM.attributes
                0x00000769       0x34 c:/ac6/systemworkbench/plugins/fr.ac6.mcu.externaltools.arm-none.win32_1.17.0.201812190825/tools/compiler/bin/../lib/gcc/arm-none-eabi/7.3.1/../../../../arm-none-eabi/lib/thumb/v7e-m/fpv4-sp/hard\libc_nano.a(lib_a-fflush.o)
 .ARM.attributes
                0x0000079d       0x34 c:/ac6/systemworkbench/plugins/fr.ac6.mcu.externaltools.arm-none.win32_1.17.0.201812190825/tools/compiler/bin/../lib/gcc/arm-none-eabi/7.3.1/../../../../arm-none-eabi/lib/thumb/v7e-m/fpv4-sp/hard\libc_nano.a(lib_a-findfp.o)
 .ARM.attributes
                0x000007d1       0x34 c:/ac6/systemworkbench/plugins/fr.ac6.mcu.externaltools.arm-none.win32_1.17.0.201812190825/tools/compiler/bin/../lib/gcc/arm-none-eabi/7.3.1/../../../../arm-none-eabi/lib/thumb/v7e-m/fpv4-sp/hard\libc_nano.a(lib_a-fwalk.o)
 .ARM.attributes
                0x00000805       0x34 c:/ac6/systemworkbench/plugins/fr.ac6.mcu.externaltools.arm-none.win32_1.17.0.201812190825/tools/compiler/bin/../lib/gcc/arm-none-eabi/7.3.1/../../../../arm-none-eabi/lib/thumb/v7e-m/fpv4-sp/hard\libc_nano.a(lib_a-makebuf.o)
 .ARM.attributes
                0x00000839       0x34 c:/ac6/systemworkbench/plugins/fr.ac6.mcu.externaltools.arm-none.win32_1.17.0.201812190825/tools/compiler/bin/../lib/gcc/arm-none-eabi/7.3.1/../../../../arm-none-eabi/lib/thumb/v7e-m/fpv4-sp/hard\libc_nano.a(lib_a-nano-freer.o)
 .ARM.attributes
                0x0000086d       0x34 c:/ac6/systemworkbench/plugins/fr.ac6.mcu.externaltools.arm-none.win32_1.17.0.201812190825/tools/compiler/bin/../lib/gcc/arm-none-eabi/7.3.1/../../../../arm-none-eabi/lib/thumb/v7e-m/fpv4-sp/hard\libc_nano.a(lib_a-nano-mallocr.o)
 .ARM.attributes
                0x000008a1       0x34 c:/ac6/systemworkbench/plugins/fr.ac6.mcu.externaltools.arm-none.win32_1.17.0.201812190825/tools/compiler/bin/../lib/gcc/arm-none-eabi/7.3.1/../../../../arm-none-eabi/lib/thumb/v7e-m/fpv4-sp/hard\libc_nano.a(lib_a-nano-vfprintf.o)
 .ARM.attributes
                0x000008d5       0x34 c:/ac6/systemworkbench/plugins/fr.ac6.mcu.externaltools.arm-none.win32_1.17.0.201812190825/tools/compiler/bin/../lib/gcc/arm-none-eabi/7.3.1/../../../../arm-none-eabi/lib/thumb/v7e-m/fpv4-sp/hard\libc_nano.a(lib_a-nano-vfprintf_i.o)
 .ARM.attributes
                0x00000909       0x34 c:/ac6/systemworkbench/plugins/fr.ac6.mcu.externaltools.arm-none.win32_1.17.0.201812190825/tools/compiler/bin/../lib/gcc/arm-none-eabi/7.3.1/../../../../arm-none-eabi/lib/thumb/v7e-m/fpv4-sp/hard\libc_nano.a(lib_a-sbrkr.o)
 .ARM.attributes
                0x0000093d       0x34 c:/ac6/systemworkbench/plugins/fr.ac6.mcu.externaltools.arm-none.win32_1.17.0.201812190825/tools/compiler/bin/../lib/gcc/arm-none-eabi/7.3.1/../../../../arm-none-eabi/lib/thumb/v7e-m/fpv4-sp/hard\libc_nano.a(lib_a-stdio.o)
 .ARM.attributes
                0x00000971       0x34 c:/ac6/systemworkbench/plugins/fr.ac6.mcu.externaltools.arm-none.win32_1.17.0.201812190825/tools/compiler/bin/../lib/gcc/arm-none-eabi/7.3.1/../../../../arm-none-eabi/lib/thumb/v7e-m/fpv4-sp/hard\libc_nano.a(lib_a-writer.o)
 .ARM.attributes
                0x000009a5       0x34 c:/ac6/systemworkbench/plugins/fr.ac6.mcu.externaltools.arm-none.win32_1.17.0.201812190825/tools/compiler/bin/../lib/gcc/arm-none-eabi/7.3.1/../../../../arm-none-eabi/lib/thumb/v7e-m/fpv4-sp/hard\libc_nano.a(lib_a-closer.o)
 .ARM.attributes
                0x000009d9       0x34 c:/ac6/systemworkbench/plugins/fr.ac6.mcu.externaltools.arm-none.win32_1.17.0.201812190825/tools/compiler/bin/../lib/gcc/arm-none-eabi/7.3.1/../../../../arm-none-eabi/lib/thumb/v7e-m/fpv4-sp/hard\libc_nano.a(lib_a-fstatr.o)
 .ARM.attributes
                0x00000a0d       0x34 c:/ac6/systemworkbench/plugins/fr.ac6.mcu.externaltools.arm-none.win32_1.17.0.201812190825/tools/compiler/bin/../lib/gcc/arm-none-eabi/7.3.1/../../../../arm-none-eabi/lib/thumb/v7e-m/fpv4-sp/hard\libc_nano.a(lib_a-isattyr.o)
 .ARM.attributes
                0x00000a41       0x34 c:/ac6/systemworkbench/plugins/fr.ac6.mcu.externaltools.arm-none.win32_1.17.0.201812190825/tools/compiler/bin/../lib/gcc/arm-none-eabi/7.3.1/../../../../arm-none-eabi/lib/thumb/v7e-m/fpv4-sp/hard\libc_nano.a(lib_a-lseekr.o)
 .ARM.attributes
                0x00000a75       0x20 c:/ac6/systemworkbench/plugins/fr.ac6.mcu.externaltools.arm-none.win32_1.17.0.201812190825/tools/compiler/bin/../lib/gcc/arm-none-eabi/7.3.1/../../../../arm-none-eabi/lib/thumb/v7e-m/fpv4-sp/hard\libc_nano.a(lib_a-memchr.o)
 .ARM.attributes
                0x00000a95       0x34 c:/ac6/systemworkbench/plugins/fr.ac6.mcu.externaltools.arm-none.win32_1.17.0.201812190825/tools/compiler/bin/../lib/gcc/arm-none-eabi/7.3.1/../../../../arm-none-eabi/lib/thumb/v7e-m/fpv4-sp/hard\libc_nano.a(lib_a-mlock.o)
 .ARM.attributes
                0x00000ac9       0x34 c:/ac6/systemworkbench/plugins/fr.ac6.mcu.externaltools.arm-none.win32_1.17.0.201812190825/tools/compiler/bin/../lib/gcc/arm-none-eabi/7.3.1/../../../../arm-none-eabi/lib/thumb/v7e-m/fpv4-sp/hard\libc_nano.a(lib_a-readr.o)
 .ARM.attributes
                0x00000afd       0x34 c:/ac6/systemworkbench/plugins/fr.ac6.mcu.externaltools.arm-none.win32_1.17.0.201812190825/tools/compiler/bin/../lib/gcc/arm-none-eabi/7.3.1/../../../../arm-none-eabi/lib/thumb/v7e-m/fpv4-sp/hard\libc_nano.a(lib_a-reent.o)
 .ARM.attributes
                0x00000b31       0x22 c:/ac6/systemworkbench/plugins/fr.ac6.mcu.externaltools.arm-none.win32_1.17.0.201812190825/tools/compiler/bin/../lib/gcc/arm-none-eabi/7.3.1/thumb/v7e-m/fpv4-sp/hard/crtn.o
OUTPUT(SD-SensorTile.elf elf32-littlearm)

.debug_info     0x00000000    0x1879c
 .debug_info    0x00000000     0x16f1 Drivers/BSP/SensorTile/SensorTile.o
 .debug_info    0x000016f1     0x1493 Drivers/BSP/SensorTile/SensorTile_sd.o
 .debug_info    0x00002b84      0xca2 Drivers/STM32L4xx_HAL_Driver/Src/stm32l4xx_hal.o
 .debug_info    0x00003826     0x10a0 Drivers/STM32L4xx_HAL_Driver/Src/stm32l4xx_hal_cortex.o
 .debug_info    0x000048c6      0x956 Drivers/STM32L4xx_HAL_Driver/Src/stm32l4xx_hal_dma.o
 .debug_info    0x0000521c      0x989 Drivers/STM32L4xx_HAL_Driver/Src/stm32l4xx_hal_gpio.o
 .debug_info    0x00005ba5      0xb27 Drivers/STM32L4xx_HAL_Driver/Src/stm32l4xx_hal_pwr_ex.o
 .debug_info    0x000066cc      0xf2a Drivers/STM32L4xx_HAL_Driver/Src/stm32l4xx_hal_rcc.o
 .debug_info    0x000075f6     0x12a3 Drivers/STM32L4xx_HAL_Driver/Src/stm32l4xx_hal_rcc_ex.o
 .debug_info    0x00008899     0x1f36 Drivers/STM32L4xx_HAL_Driver/Src/stm32l4xx_hal_spi.o
 .debug_info    0x0000a7cf     0x1d7a Drivers/STM32L4xx_HAL_Driver/Src/stm32l4xx_hal_uart.o
 .debug_info    0x0000c549      0xe50 Middlewares/Third_Party/FatFs/src/diskio.o
 .debug_info    0x0000d399     0x4846 Middlewares/Third_Party/FatFs/src/ff.o
 .debug_info    0x00011bdf      0xdcf Middlewares/Third_Party/FatFs/src/ff_gen_drv.o
 .debug_info    0x000129ae     0x22c2 Src/main.o
 .debug_info    0x00014c70     0x11c3 Src/sd_diskio_SensorTile.o
 .debug_info    0x00015e33      0xf46 Src/stm32l4xx_hal_msp.o
 .debug_info    0x00016d79      0x332 Src/stm32l4xx_it.o
 .debug_info    0x000170ab      0xfd3 Src/syscalls.o
 .debug_info    0x0001807e      0x6fc Src/system_stm32l4xx.o
 .debug_info    0x0001877a       0x22 startup/startup_stm32l476xx.o

.debug_abbrev   0x00000000     0x2e06
 .debug_abbrev  0x00000000      0x2a1 Drivers/BSP/SensorTile/SensorTile.o
 .debug_abbrev  0x000002a1      0x2a2 Drivers/BSP/SensorTile/SensorTile_sd.o
 .debug_abbrev  0x00000543      0x209 Drivers/STM32L4xx_HAL_Driver/Src/stm32l4xx_hal.o
 .debug_abbrev  0x0000074c      0x328 Drivers/STM32L4xx_HAL_Driver/Src/stm32l4xx_hal_cortex.o
 .debug_abbrev  0x00000a74      0x233 Drivers/STM32L4xx_HAL_Driver/Src/stm32l4xx_hal_dma.o
 .debug_abbrev  0x00000ca7      0x1de Drivers/STM32L4xx_HAL_Driver/Src/stm32l4xx_hal_gpio.o
 .debug_abbrev  0x00000e85      0x1de Drivers/STM32L4xx_HAL_Driver/Src/stm32l4xx_hal_pwr_ex.o
 .debug_abbrev  0x00001063      0x21f Drivers/STM32L4xx_HAL_Driver/Src/stm32l4xx_hal_rcc.o
 .debug_abbrev  0x00001282      0x24c Drivers/STM32L4xx_HAL_Driver/Src/stm32l4xx_hal_rcc_ex.o
 .debug_abbrev  0x000014ce      0x238 Drivers/STM32L4xx_HAL_Driver/Src/stm32l4xx_hal_spi.o
 .debug_abbrev  0x00001706      0x24d Drivers/STM32L4xx_HAL_Driver/Src/stm32l4xx_hal_uart.o
 .debug_abbrev  0x00001953      0x282 Middlewares/Third_Party/FatFs/src/diskio.o
 .debug_abbrev  0x00001bd5      0x31e Middlewares/Third_Party/FatFs/src/ff.o
 .debug_abbrev  0x00001ef3      0x276 Middlewares/Third_Party/FatFs/src/ff_gen_drv.o
 .debug_abbrev  0x00002169      0x34c Src/main.o
 .debug_abbrev  0x000024b5      0x272 Src/sd_diskio_SensorTile.o
 .debug_abbrev  0x00002727      0x1a9 Src/stm32l4xx_hal_msp.o
 .debug_abbrev  0x000028d0      0x100 Src/stm32l4xx_it.o
 .debug_abbrev  0x000029d0      0x2d4 Src/syscalls.o
 .debug_abbrev  0x00002ca4      0x150 Src/system_stm32l4xx.o
 .debug_abbrev  0x00002df4       0x12 startup/startup_stm32l476xx.o

.debug_loc      0x00000000     0xcf0c
 .debug_loc     0x00000000      0x3ef Drivers/BSP/SensorTile/SensorTile.o
 .debug_loc     0x000003ef      0x63b Drivers/BSP/SensorTile/SensorTile_sd.o
 .debug_loc     0x00000a2a      0x1f1 Drivers/STM32L4xx_HAL_Driver/Src/stm32l4xx_hal.o
 .debug_loc     0x00000c1b      0x5ce Drivers/STM32L4xx_HAL_Driver/Src/stm32l4xx_hal_cortex.o
 .debug_loc     0x000011e9      0x7a2 Drivers/STM32L4xx_HAL_Driver/Src/stm32l4xx_hal_dma.o
 .debug_loc     0x0000198b      0x2d3 Drivers/STM32L4xx_HAL_Driver/Src/stm32l4xx_hal_gpio.o
 .debug_loc     0x00001c5e      0x960 Drivers/STM32L4xx_HAL_Driver/Src/stm32l4xx_hal_pwr_ex.o
 .debug_loc     0x000025be      0x63a Drivers/STM32L4xx_HAL_Driver/Src/stm32l4xx_hal_rcc.o
 .debug_loc     0x00002bf8     0x1c00 Drivers/STM32L4xx_HAL_Driver/Src/stm32l4xx_hal_rcc_ex.o
 .debug_loc     0x000047f8     0x1a4c Drivers/STM32L4xx_HAL_Driver/Src/stm32l4xx_hal_spi.o
 .debug_loc     0x00006244     0x1840 Drivers/STM32L4xx_HAL_Driver/Src/stm32l4xx_hal_uart.o
 .debug_loc     0x00007a84      0x1f1 Middlewares/Third_Party/FatFs/src/diskio.o
 .debug_loc     0x00007c75     0x4600 Middlewares/Third_Party/FatFs/src/ff.o
 .debug_loc     0x0000c275      0x24a Middlewares/Third_Party/FatFs/src/ff_gen_drv.o
 .debug_loc     0x0000c4bf       0x3d Src/main.o
 .debug_loc     0x0000c4fc      0x3c1 Src/sd_diskio_SensorTile.o
 .debug_loc     0x0000c8bd       0xe8 Src/stm32l4xx_hal_msp.o
 .debug_loc     0x0000c9a5      0x3af Src/syscalls.o
 .debug_loc     0x0000cd54      0x1b8 Src/system_stm32l4xx.o

.debug_aranges  0x00000000      0xf28
 .debug_aranges
                0x00000000       0xd0 Drivers/BSP/SensorTile/SensorTile.o
 .debug_aranges
                0x000000d0       0x80 Drivers/BSP/SensorTile/SensorTile_sd.o
 .debug_aranges
                0x00000150      0x130 Drivers/STM32L4xx_HAL_Driver/Src/stm32l4xx_hal.o
 .debug_aranges
                0x00000280       0xa8 Drivers/STM32L4xx_HAL_Driver/Src/stm32l4xx_hal_cortex.o
 .debug_aranges
                0x00000328       0x80 Drivers/STM32L4xx_HAL_Driver/Src/stm32l4xx_hal_dma.o
 .debug_aranges
                0x000003a8       0x58 Drivers/STM32L4xx_HAL_Driver/Src/stm32l4xx_hal_gpio.o
 .debug_aranges
                0x00000400      0x148 Drivers/STM32L4xx_HAL_Driver/Src/stm32l4xx_hal_pwr_ex.o
 .debug_aranges
                0x00000548       0x88 Drivers/STM32L4xx_HAL_Driver/Src/stm32l4xx_hal_rcc.o
 .debug_aranges
                0x000005d0       0xc0 Drivers/STM32L4xx_HAL_Driver/Src/stm32l4xx_hal_rcc_ex.o
 .debug_aranges
                0x00000690      0x1d8 Drivers/STM32L4xx_HAL_Driver/Src/stm32l4xx_hal_spi.o
 .debug_aranges
                0x00000868      0x1f8 Drivers/STM32L4xx_HAL_Driver/Src/stm32l4xx_hal_uart.o
 .debug_aranges
                0x00000a60       0x48 Middlewares/Third_Party/FatFs/src/diskio.o
 .debug_aranges
                0x00000aa8      0x208 Middlewares/Third_Party/FatFs/src/ff.o
 .debug_aranges
                0x00000cb0       0x40 Middlewares/Third_Party/FatFs/src/ff_gen_drv.o
 .debug_aranges
                0x00000cf0       0x50 Src/main.o
 .debug_aranges
                0x00000d40       0x48 Src/sd_diskio_SensorTile.o
 .debug_aranges
                0x00000d88       0x40 Src/stm32l4xx_hal_msp.o
 .debug_aranges
                0x00000dc8       0x60 Src/stm32l4xx_it.o
 .debug_aranges
                0x00000e28       0xb0 Src/syscalls.o
 .debug_aranges
                0x00000ed8       0x28 Src/system_stm32l4xx.o
 .debug_aranges
                0x00000f00       0x28 startup/startup_stm32l476xx.o

.debug_ranges   0x00000000      0xe78
 .debug_ranges  0x00000000       0xc0 Drivers/BSP/SensorTile/SensorTile.o
 .debug_ranges  0x000000c0       0x70 Drivers/BSP/SensorTile/SensorTile_sd.o
 .debug_ranges  0x00000130      0x120 Drivers/STM32L4xx_HAL_Driver/Src/stm32l4xx_hal.o
 .debug_ranges  0x00000250       0xf8 Drivers/STM32L4xx_HAL_Driver/Src/stm32l4xx_hal_cortex.o
 .debug_ranges  0x00000348       0x70 Drivers/STM32L4xx_HAL_Driver/Src/stm32l4xx_hal_dma.o
 .debug_ranges  0x000003b8       0x48 Drivers/STM32L4xx_HAL_Driver/Src/stm32l4xx_hal_gpio.o
 .debug_ranges  0x00000400      0x138 Drivers/STM32L4xx_HAL_Driver/Src/stm32l4xx_hal_pwr_ex.o
 .debug_ranges  0x00000538       0x90 Drivers/STM32L4xx_HAL_Driver/Src/stm32l4xx_hal_rcc.o
 .debug_ranges  0x000005c8       0xd0 Drivers/STM32L4xx_HAL_Driver/Src/stm32l4xx_hal_rcc_ex.o
 .debug_ranges  0x00000698      0x1c8 Drivers/STM32L4xx_HAL_Driver/Src/stm32l4xx_hal_spi.o
 .debug_ranges  0x00000860      0x1e8 Drivers/STM32L4xx_HAL_Driver/Src/stm32l4xx_hal_uart.o
 .debug_ranges  0x00000a48       0x38 Middlewares/Third_Party/FatFs/src/diskio.o
 .debug_ranges  0x00000a80      0x1f8 Middlewares/Third_Party/FatFs/src/ff.o
 .debug_ranges  0x00000c78       0x30 Middlewares/Third_Party/FatFs/src/ff_gen_drv.o
 .debug_ranges  0x00000ca8       0x40 Src/main.o
 .debug_ranges  0x00000ce8       0x38 Src/sd_diskio_SensorTile.o
 .debug_ranges  0x00000d20       0x30 Src/stm32l4xx_hal_msp.o
 .debug_ranges  0x00000d50       0x50 Src/stm32l4xx_it.o
 .debug_ranges  0x00000da0       0xa0 Src/syscalls.o
 .debug_ranges  0x00000e40       0x18 Src/system_stm32l4xx.o
 .debug_ranges  0x00000e58       0x20 startup/startup_stm32l476xx.o

.debug_macro    0x00000000    0x26d90
 .debug_macro   0x00000000      0x238 Drivers/BSP/SensorTile/SensorTile.o
 .debug_macro   0x00000238       0xc0 Drivers/BSP/SensorTile/SensorTile.o
 .debug_macro   0x000002f8       0x2e Drivers/BSP/SensorTile/SensorTile.o
 .debug_macro   0x00000326       0x28 Drivers/BSP/SensorTile/SensorTile.o
 .debug_macro   0x0000034e       0x1c Drivers/BSP/SensorTile/SensorTile.o
 .debug_macro   0x0000036a       0x22 Drivers/BSP/SensorTile/SensorTile.o
 .debug_macro   0x0000038c       0xdf Drivers/BSP/SensorTile/SensorTile.o
 .debug_macro   0x0000046b     0x102d Drivers/BSP/SensorTile/SensorTile.o
 .debug_macro   0x00001498      0x11f Drivers/BSP/SensorTile/SensorTile.o
 .debug_macro   0x000015b7    0x1a11f Drivers/BSP/SensorTile/SensorTile.o
 .debug_macro   0x0001b6d6       0x43 Drivers/BSP/SensorTile/SensorTile.o
 .debug_macro   0x0001b719     0x3820 Drivers/BSP/SensorTile/SensorTile.o
 .debug_macro   0x0001ef39       0x4e Drivers/BSP/SensorTile/SensorTile.o
 .debug_macro   0x0001ef87     0x155f Drivers/BSP/SensorTile/SensorTile.o
 .debug_macro   0x000204e6      0x59e Drivers/BSP/SensorTile/SensorTile.o
 .debug_macro   0x00020a84      0x241 Drivers/BSP/SensorTile/SensorTile.o
 .debug_macro   0x00020cc5      0x13d Drivers/BSP/SensorTile/SensorTile.o
 .debug_macro   0x00020e02      0x18b Drivers/BSP/SensorTile/SensorTile.o
 .debug_macro   0x00020f8d      0x26b Drivers/BSP/SensorTile/SensorTile.o
 .debug_macro   0x000211f8      0x236 Drivers/BSP/SensorTile/SensorTile.o
 .debug_macro   0x0002142e      0x36e Drivers/BSP/SensorTile/SensorTile.o
 .debug_macro   0x0002179c       0xe4 Drivers/BSP/SensorTile/SensorTile.o
 .debug_macro   0x00021880      0x22c Drivers/BSP/SensorTile/SensorTile.o
 .debug_macro   0x00021aac       0x5e Drivers/BSP/SensorTile/SensorTile.o
 .debug_macro   0x00021b0a       0xa5 Drivers/BSP/SensorTile/SensorTile.o
 .debug_macro   0x00021baf      0x122 Drivers/BSP/SensorTile/SensorTile.o
 .debug_macro   0x00021cd1      0x3d4 Drivers/BSP/SensorTile/SensorTile.o
 .debug_macro   0x000220a5      0x2fe Drivers/BSP/SensorTile/SensorTile.o
 .debug_macro   0x000223a3      0x57b Drivers/BSP/SensorTile/SensorTile.o
 .debug_macro   0x0002291e       0x44 Drivers/BSP/SensorTile/SensorTile.o
 .debug_macro   0x00022962      0x349 Drivers/BSP/SensorTile/SensorTile.o
 .debug_macro   0x00022cab       0x16 Drivers/BSP/SensorTile/SensorTile.o
 .debug_macro   0x00022cc1       0x4c Drivers/BSP/SensorTile/SensorTile.o
 .debug_macro   0x00022d0d       0xa6 Drivers/BSP/SensorTile/SensorTile.o
 .debug_macro   0x00022db3       0xee Drivers/BSP/SensorTile/SensorTile.o
 .debug_macro   0x00022ea1      0x235 Drivers/BSP/SensorTile/SensorTile_sd.o
 .debug_macro   0x000230d6      0x1c1 Drivers/BSP/SensorTile/SensorTile_sd.o
 .debug_macro   0x00023297      0x238 Drivers/STM32L4xx_HAL_Driver/Src/stm32l4xx_hal.o
 .debug_macro   0x000234cf      0x1ea Drivers/STM32L4xx_HAL_Driver/Src/stm32l4xx_hal_cortex.o
 .debug_macro   0x000236b9      0x1ea Drivers/STM32L4xx_HAL_Driver/Src/stm32l4xx_hal_dma.o
 .debug_macro   0x000238a3      0x229 Drivers/STM32L4xx_HAL_Driver/Src/stm32l4xx_hal_gpio.o
 .debug_macro   0x00023acc      0x20e Drivers/STM32L4xx_HAL_Driver/Src/stm32l4xx_hal_pwr_ex.o
 .debug_macro   0x00023cda      0x22c Drivers/STM32L4xx_HAL_Driver/Src/stm32l4xx_hal_rcc.o
 .debug_macro   0x00023f06      0x220 Drivers/STM32L4xx_HAL_Driver/Src/stm32l4xx_hal_rcc_ex.o
 .debug_macro   0x00024126      0x1f2 Drivers/STM32L4xx_HAL_Driver/Src/stm32l4xx_hal_spi.o
 .debug_macro   0x00024318      0x215 Drivers/STM32L4xx_HAL_Driver/Src/stm32l4xx_hal_uart.o
 .debug_macro   0x0002452d      0x2f9 Middlewares/Third_Party/FatFs/src/diskio.o
 .debug_macro   0x00024826       0x16 Middlewares/Third_Party/FatFs/src/diskio.o
 .debug_macro   0x0002483c       0x7c Middlewares/Third_Party/FatFs/src/diskio.o
 .debug_macro   0x000248b8       0xe5 Middlewares/Third_Party/FatFs/src/diskio.o
 .debug_macro   0x0002499d       0x16 Middlewares/Third_Party/FatFs/src/diskio.o
 .debug_macro   0x000249b3       0x16 Middlewares/Third_Party/FatFs/src/diskio.o
 .debug_macro   0x000249c9       0x29 Middlewares/Third_Party/FatFs/src/diskio.o
 .debug_macro   0x000249f2       0x12 Middlewares/Third_Party/FatFs/src/diskio.o
 .debug_macro   0x00024a04       0xe2 Middlewares/Third_Party/FatFs/src/diskio.o
 .debug_macro   0x00024ae6      0x700 Middlewares/Third_Party/FatFs/src/ff.o
 .debug_macro   0x000251e6       0x8e Middlewares/Third_Party/FatFs/src/ff.o
 .debug_macro   0x00025274       0x58 Middlewares/Third_Party/FatFs/src/ff.o
 .debug_macro   0x000252cc      0x2f9 Middlewares/Third_Party/FatFs/src/ff_gen_drv.o
 .debug_macro   0x000255c5      0x415 Src/main.o
 .debug_macro   0x000259da       0x16 Src/main.o
 .debug_macro   0x000259f0       0xdb Src/main.o
 .debug_macro   0x00025acb      0x34e Src/sd_diskio_SensorTile.o
 .debug_macro   0x00025e19      0x1f4 Src/stm32l4xx_hal_msp.o
 .debug_macro   0x0002600d      0x1fe Src/stm32l4xx_it.o
 .debug_macro   0x0002620b      0x243 Src/syscalls.o
 .debug_macro   0x0002644e       0x58 Src/syscalls.o
 .debug_macro   0x000264a6       0x94 Src/syscalls.o
 .debug_macro   0x0002653a       0x57 Src/syscalls.o
 .debug_macro   0x00026591       0x10 Src/syscalls.o
 .debug_macro   0x000265a1       0x10 Src/syscalls.o
 .debug_macro   0x000265b1       0x10 Src/syscalls.o
 .debug_macro   0x000265c1       0x35 Src/syscalls.o
 .debug_macro   0x000265f6      0x122 Src/syscalls.o
 .debug_macro   0x00026718       0x10 Src/syscalls.o
 .debug_macro   0x00026728      0x241 Src/syscalls.o
 .debug_macro   0x00026969       0x10 Src/syscalls.o
 .debug_macro   0x00026979      0x189 Src/syscalls.o
 .debug_macro   0x00026b02       0x16 Src/syscalls.o
 .debug_macro   0x00026b18       0x88 Src/syscalls.o
 .debug_macro   0x00026ba0      0x1f0 Src/system_stm32l4xx.o

.debug_line     0x00000000     0xdd67
 .debug_line    0x00000000      0xa50 Drivers/BSP/SensorTile/SensorTile.o
 .debug_line    0x00000a50      0xa23 Drivers/BSP/SensorTile/SensorTile_sd.o
 .debug_line    0x00001473      0x9cf Drivers/STM32L4xx_HAL_Driver/Src/stm32l4xx_hal.o
 .debug_line    0x00001e42      0x97d Drivers/STM32L4xx_HAL_Driver/Src/stm32l4xx_hal_cortex.o
 .debug_line    0x000027bf      0x9a0 Drivers/STM32L4xx_HAL_Driver/Src/stm32l4xx_hal_dma.o
 .debug_line    0x0000315f      0x8a9 Drivers/STM32L4xx_HAL_Driver/Src/stm32l4xx_hal_gpio.o
 .debug_line    0x00003a08      0xb84 Drivers/STM32L4xx_HAL_Driver/Src/stm32l4xx_hal_pwr_ex.o
 .debug_line    0x0000458c      0xac1 Drivers/STM32L4xx_HAL_Driver/Src/stm32l4xx_hal_rcc.o
 .debug_line    0x0000504d      0xd25 Drivers/STM32L4xx_HAL_Driver/Src/stm32l4xx_hal_rcc_ex.o
 .debug_line    0x00005d72     0x1267 Drivers/STM32L4xx_HAL_Driver/Src/stm32l4xx_hal_spi.o
 .debug_line    0x00006fd9     0x12cc Drivers/STM32L4xx_HAL_Driver/Src/stm32l4xx_hal_uart.o
 .debug_line    0x000082a5      0x85e Middlewares/Third_Party/FatFs/src/diskio.o
 .debug_line    0x00008b03     0x18cc Middlewares/Third_Party/FatFs/src/ff.o
 .debug_line    0x0000a3cf      0x867 Middlewares/Third_Party/FatFs/src/ff_gen_drv.o
 .debug_line    0x0000ac36      0xa8e Src/main.o
 .debug_line    0x0000b6c4      0x99c Src/sd_diskio_SensorTile.o
 .debug_line    0x0000c060      0x7a0 Src/stm32l4xx_hal_msp.o
 .debug_line    0x0000c800      0x7b8 Src/stm32l4xx_it.o
 .debug_line    0x0000cfb8      0x5d1 Src/syscalls.o
 .debug_line    0x0000d589      0x760 Src/system_stm32l4xx.o
 .debug_line    0x0000dce9       0x7e startup/startup_stm32l476xx.o

.debug_str      0x00000000    0xeeeec
 .debug_str     0x00000000    0xe4979 Drivers/BSP/SensorTile/SensorTile.o
                              0xe4d82 (size before relaxing)
 .debug_str     0x000e4979      0xded Drivers/BSP/SensorTile/SensorTile_sd.o
                              0xe51c5 (size before relaxing)
 .debug_str     0x000e5766      0x5ce Drivers/STM32L4xx_HAL_Driver/Src/stm32l4xx_hal.o
                              0xe3f5c (size before relaxing)
 .debug_str     0x000e5d34      0x38e Drivers/STM32L4xx_HAL_Driver/Src/stm32l4xx_hal_cortex.o
                              0xe3c93 (size before relaxing)
 .debug_str     0x000e60c2      0x24b Drivers/STM32L4xx_HAL_Driver/Src/stm32l4xx_hal_dma.o
                              0xe36a4 (size before relaxing)
 .debug_str     0x000e630d      0x203 Drivers/STM32L4xx_HAL_Driver/Src/stm32l4xx_hal_gpio.o
                              0xe36bf (size before relaxing)
 .debug_str     0x000e6510      0x49b Drivers/STM32L4xx_HAL_Driver/Src/stm32l4xx_hal_pwr_ex.o
                              0xe3942 (size before relaxing)
 .debug_str     0x000e69ab      0x51d Drivers/STM32L4xx_HAL_Driver/Src/stm32l4xx_hal_rcc.o
                              0xe3a43 (size before relaxing)
 .debug_str     0x000e6ec8      0x633 Drivers/STM32L4xx_HAL_Driver/Src/stm32l4xx_hal_rcc_ex.o
                              0xe3c22 (size before relaxing)
 .debug_str     0x000e74fb      0x507 Drivers/STM32L4xx_HAL_Driver/Src/stm32l4xx_hal_spi.o
                              0xe3c0e (size before relaxing)
 .debug_str     0x000e7a02      0x94a Drivers/STM32L4xx_HAL_Driver/Src/stm32l4xx_hal_uart.o
                              0xe4042 (size before relaxing)
 .debug_str     0x000e834c     0x32b5 Middlewares/Third_Party/FatFs/src/diskio.o
                              0xe656f (size before relaxing)
 .debug_str     0x000eb601     0x1249 Middlewares/Third_Party/FatFs/src/ff.o
                              0xe77dc (size before relaxing)
 .debug_str     0x000ec84a       0xa2 Middlewares/Third_Party/FatFs/src/ff_gen_drv.o
                              0xe65c0 (size before relaxing)
 .debug_str     0x000ec8ec     0x12f9 Src/main.o
                              0xe9b6c (size before relaxing)
 .debug_str     0x000edbe5       0x98 Src/sd_diskio_SensorTile.o
                              0xe7dda (size before relaxing)
 .debug_str     0x000edc7d       0x1b Src/stm32l4xx_hal_msp.o
                              0xe39a4 (size before relaxing)
 .debug_str     0x000edc98       0xb8 Src/stm32l4xx_it.o
                              0xe32f2 (size before relaxing)
 .debug_str     0x000edd50     0x111d Src/syscalls.o
                               0x85bd (size before relaxing)
 .debug_str     0x000eee6d       0x50 Src/system_stm32l4xx.o
                              0xe343b (size before relaxing)
 .debug_str     0x000eeebd       0x2f startup/startup_stm32l476xx.o
                                 0x65 (size before relaxing)

.comment        0x00000000       0x7f
 .comment       0x00000000       0x7f Drivers/BSP/SensorTile/SensorTile.o
                                 0x80 (size before relaxing)
 .comment       0x0000007f       0x80 Drivers/BSP/SensorTile/SensorTile_sd.o
 .comment       0x0000007f       0x80 Drivers/STM32L4xx_HAL_Driver/Src/stm32l4xx_hal.o
 .comment       0x0000007f       0x80 Drivers/STM32L4xx_HAL_Driver/Src/stm32l4xx_hal_cortex.o
 .comment       0x0000007f       0x80 Drivers/STM32L4xx_HAL_Driver/Src/stm32l4xx_hal_dma.o
 .comment       0x0000007f       0x80 Drivers/STM32L4xx_HAL_Driver/Src/stm32l4xx_hal_gpio.o
 .comment       0x0000007f       0x80 Drivers/STM32L4xx_HAL_Driver/Src/stm32l4xx_hal_pwr_ex.o
 .comment       0x0000007f       0x80 Drivers/STM32L4xx_HAL_Driver/Src/stm32l4xx_hal_rcc.o
 .comment       0x0000007f       0x80 Drivers/STM32L4xx_HAL_Driver/Src/stm32l4xx_hal_rcc_ex.o
 .comment       0x0000007f       0x80 Drivers/STM32L4xx_HAL_Driver/Src/stm32l4xx_hal_spi.o
 .comment       0x0000007f       0x80 Drivers/STM32L4xx_HAL_Driver/Src/stm32l4xx_hal_uart.o